Archive member included to satisfy reference by file (symbol)

D:\ai_studio\ai_core\4.0\Middlewares\ST\AI\Lib\GCC\STM32H7\NetworkRuntime1201_CM7_GCC.a(layers_conv2d_stm32_integer.o)
                              network.o (forward_dense_integer_SSSA_ch)
D:\ai_studio\ai_core\4.0\Middlewares\ST\AI\Lib\GCC\STM32H7\NetworkRuntime1201_CM7_GCC.a(forward_lite_convert.o)
                              network.o (forward_lite_node_convert_integer_is8of32)
D:\ai_studio\ai_core\4.0\Middlewares\ST\AI\Lib\GCC\STM32H7\NetworkRuntime1201_CM7_GCC.a(forward_lite_dense_is8os8ws8_ch.o)
                              D:\ai_studio\ai_core\4.0\Middlewares\ST\AI\Lib\GCC\STM32H7\NetworkRuntime1201_CM7_GCC.a(layers_conv2d_stm32_integer.o) (forward_lite_dense_is8os8ws8_ch)
D:\ai_studio\ai_core\4.0\Middlewares\ST\AI\Lib\GCC\STM32H7\NetworkRuntime1201_CM7_GCC.a(forward_lite_dense_is8os8ws8.o)
                              D:\ai_studio\ai_core\4.0\Middlewares\ST\AI\Lib\GCC\STM32H7\NetworkRuntime1201_CM7_GCC.a(layers_conv2d_stm32_integer.o) (forward_lite_dense_is8os8ws8)
D:\ai_studio\ai_core\4.0\Middlewares\ST\AI\Lib\GCC\STM32H7\NetworkRuntime1201_CM7_GCC.a(forward_lite_maxpool_is8os8_scalepos.o)
                              network.o (forward_lite_maxpool_is8os8_scalepos)
D:\ai_studio\ai_core\4.0\Middlewares\ST\AI\Lib\GCC\STM32H7\NetworkRuntime1201_CM7_GCC.a(forward_lite_conv2d_sssa8_ch.o)
                              network.o (forward_lite_conv2d_deep_3x3_sssa8_ch)
D:\ai_studio\ai_core\4.0\Middlewares\ST\AI\Lib\GCC\STM32H7\NetworkRuntime1201_CM7_GCC.a(lite_convert_kernel.o)
                              D:\ai_studio\ai_core\4.0\Middlewares\ST\AI\Lib\GCC\STM32H7\NetworkRuntime1201_CM7_GCC.a(forward_lite_convert.o) (lite_convert_is8of32)
D:\ai_studio\ai_core\4.0\Middlewares\ST\AI\Lib\GCC\STM32H7\NetworkRuntime1201_CM7_GCC.a(lite_nl_generic_integer.o)
                              network.o (forward_lite_nl_softmax_is8os8)
D:\ai_studio\ai_core\4.0\Middlewares\ST\AI\Lib\GCC\STM32H7\NetworkRuntime1201_CM7_GCC.a(forward_lite_pad_generic.o)
                              network.o (forward_lite_pad_constant)
D:\ai_studio\ai_core\4.0\Middlewares\ST\AI\Lib\GCC\STM32H7\NetworkRuntime1201_CM7_GCC.a(st_align_factor.o)
                              D:\ai_studio\ai_core\4.0\Middlewares\ST\AI\Lib\GCC\STM32H7\NetworkRuntime1201_CM7_GCC.a(layers_conv2d_stm32_integer.o) (align_factor)
D:\ai_studio\ai_core\4.0\Middlewares\ST\AI\Lib\GCC\STM32H7\NetworkRuntime1201_CM7_GCC.a(st_int8_to16_no_shift.o)
                              D:\ai_studio\ai_core\4.0\Middlewares\ST\AI\Lib\GCC\STM32H7\NetworkRuntime1201_CM7_GCC.a(forward_lite_conv2d_sssa8_ch.o) (st_int8_to16_no_shift)
D:\ai_studio\ai_core\4.0\Middlewares\ST\AI\Lib\GCC\STM32H7\NetworkRuntime1201_CM7_GCC.a(st_padding_opt.o)
                              D:\ai_studio\ai_core\4.0\Middlewares\ST\AI\Lib\GCC\STM32H7\NetworkRuntime1201_CM7_GCC.a(forward_lite_conv2d_sssa8_ch.o) (ai_padding_opt_init)
D:\ai_studio\ai_core\4.0\Middlewares\ST\AI\Lib\GCC\STM32H7\NetworkRuntime1201_CM7_GCC.a(st_int16_fill.o)
                              D:\ai_studio\ai_core\4.0\Middlewares\ST\AI\Lib\GCC\STM32H7\NetworkRuntime1201_CM7_GCC.a(forward_lite_conv2d_sssa8_ch.o) (st_int16_fill)
D:\ai_studio\ai_core\4.0\Middlewares\ST\AI\Lib\GCC\STM32H7\NetworkRuntime1201_CM7_GCC.a(st_sssa8_ch_convolve.o)
                              D:\ai_studio\ai_core\4.0\Middlewares\ST\AI\Lib\GCC\STM32H7\NetworkRuntime1201_CM7_GCC.a(forward_lite_conv2d_sssa8_ch.o) (st_sssa8_ch_convolve_rank1upd)
D:\ai_studio\ai_core\4.0\Middlewares\ST\AI\Lib\GCC\STM32H7\NetworkRuntime1201_CM7_GCC.a(st_sssa8_convolve.o)
                              D:\ai_studio\ai_core\4.0\Middlewares\ST\AI\Lib\GCC\STM32H7\NetworkRuntime1201_CM7_GCC.a(layers_conv2d_stm32_integer.o) (st_sssa8_convolve_rank1upd)
D:\ai_studio\ai_core\4.0\Middlewares\ST\AI\Lib\GCC\STM32H7\NetworkRuntime1201_CM7_GCC.a(st_sssa8_convolve_1x1.o)
                              D:\ai_studio\ai_core\4.0\Middlewares\ST\AI\Lib\GCC\STM32H7\NetworkRuntime1201_CM7_GCC.a(layers_conv2d_stm32_integer.o) (st_sssa8_convolve_1x1_WeightsPrefetch)
D:\ai_studio\ai_core\4.0\Middlewares\ST\AI\Lib\GCC\STM32H7\NetworkRuntime1201_CM7_GCC.a(st_sssa8_convolve_dw.o)
                              D:\ai_studio\ai_core\4.0\Middlewares\ST\AI\Lib\GCC\STM32H7\NetworkRuntime1201_CM7_GCC.a(layers_conv2d_stm32_integer.o) (st_sssa8_conv_dw_Wadapt)
D:\ai_studio\ai_core\4.0\Middlewares\ST\AI\Lib\GCC\STM32H7\NetworkRuntime1201_CM7_GCC.a(st_sssa8_convolve_rgb.o)
                              D:\ai_studio\ai_core\4.0\Middlewares\ST\AI\Lib\GCC\STM32H7\NetworkRuntime1201_CM7_GCC.a(layers_conv2d_stm32_integer.o) (st_sssa8_convolve_rgb)
D:\ai_studio\ai_core\4.0\Middlewares\ST\AI\Lib\GCC\STM32H7\NetworkRuntime1201_CM7_GCC.a(st_ssua8_ch_convolve.o)
                              D:\ai_studio\ai_core\4.0\Middlewares\ST\AI\Lib\GCC\STM32H7\NetworkRuntime1201_CM7_GCC.a(layers_conv2d_stm32_integer.o) (st_ssua8_ch_convolve_rank1upd)
[...]
Memory Configuration

Name             Origin             Length             Attributes
RAM              0x20000000         0x02000000         xrw
FLASH            0x08000000         0x02000000         xr
*default*        0x00000000         0xffffffff

Linker script and memory map

LOAD E:/STM32CubeIDE_1.18.1/STM32CubeIDE/plugins/com.st.stm32cube.ide.mcu.externaltools.gnu-tools-for-stm32.13.3.rel1.win32_1.0.0.202411081344/tools/bin/../lib/gcc/arm-none-eabi/13.3.1/thumb/v7e-m+dp/hard/crti.o
LOAD E:/STM32CubeIDE_1.18.1/STM32CubeIDE/plugins/com.st.stm32cube.ide.mcu.externaltools.gnu-tools-for-stm32.13.3.rel1.win32_1.0.0.202411081344/tools/bin/../lib/gcc/arm-none-eabi/13.3.1/thumb/v7e-m+dp/hard/crtbegin.o
LOAD E:/STM32CubeIDE_1.18.1/STM32CubeIDE/plugins/com.st.stm32cube.ide.mcu.externaltools.gnu-tools-for-stm32.13.3.rel1.win32_1.0.0.202411081344/tools/bin/../lib/gcc/arm-none-eabi/13.3.1/../../../../arm-none-eabi/lib/thumb/v7e-m+dp/hard/crt0.o
START GROUP
LOAD E:/STM32CubeIDE_1.18.1/STM32CubeIDE/plugins/com.st.stm32cube.ide.mcu.externaltools.gnu-tools-for-stm32.13.3.rel1.win32_1.0.0.202411081344/tools/bin/../lib/gcc/arm-none-eabi/13.3.1/../../../../arm-none-eabi/lib/thumb/v7e-m+dp/hard\libm.a
END GROUP
LOAD network.o
LOAD network_data.o
LOAD startup_stm32xx.o
LOAD stedgeai_app_main.o
LOAD stedgeai_hsp_stubs.o
LOAD syscalls.o
LOAD sysmem.o
LOAD D:\ai_studio\ai_core\4.0\Middlewares\ST\AI\Lib\GCC\STM32H7\NetworkRuntime1201_CM7_GCC.a
START GROUP
LOAD E:/STM32CubeIDE_1.18.1/STM32CubeIDE/plugins/com.st.stm32cube.ide.mcu.externaltools.gnu-tools-for-stm32.13.3.rel1.win32_1.0.0.202411081344/tools/bin/../lib/gcc/arm-none-eabi/13.3.1/thumb/v7e-m+dp/hard\libgcc.a
LOAD E:/STM32CubeIDE_1.18.1/STM32CubeIDE/plugins/com.st.stm32cube.ide.mcu.externaltools.gnu-tools-for-stm32.13.3.rel1.win32_1.0.0.202411081344/tools/bin/../lib/gcc/arm-none-eabi/13.3.1/../../../../arm-none-eabi/lib/thumb/v7e-m+dp/hard\libc_nano.a
END GROUP
START GROUP
LOAD E:/STM32CubeIDE_1.18.1/STM32CubeIDE/plugins/com.st.stm32cube.ide.mcu.externaltools.gnu-tools-for-stm32.13.3.rel1.win32_1.0.0.202411081344/tools/bin/../lib/gcc/arm-none-eabi/13.3.1/thumb/v7e-m+dp/hard\libgcc.a
LOAD E:/STM32CubeIDE_1.18.1/STM32CubeIDE/plugins/com.st.stm32cube.ide.mcu.externaltools.gnu-tools-for-stm32.13.3.rel1.win32_1.0.0.202411081344/tools/bin/../lib/gcc/arm-none-eabi/13.3.1/../../../../arm-none-eabi/lib/thumb/v7e-m+dp/hard\libc_nano.a
END GROUP
LOAD E:/STM32CubeIDE_1.18.1/STM32CubeIDE/plugins/com.st.stm32cube.ide.mcu.externaltools.gnu-tools-for-stm32.13.3.rel1.win32_1.0.0.202411081344/tools/bin/../lib/gcc/arm-none-eabi/13.3.1/thumb/v7e-m+dp/hard/crtend.o
LOAD E:/STM32CubeIDE_1.18.1/STM32CubeIDE/plugins/com.st.stm32cube.ide.mcu.externaltools.gnu-tools-for-stm32.13.3.rel1.win32_1.0.0.202411081344/tools/bin/../lib/gcc/arm-none-eabi/13.3.1/thumb/v7e-m+dp/hard/crtn.o
                0x21000000                        _estack = 0x21000000
                0x00002000                        _Min_Heap_Size = 0x2000
                0x00001000                        _Min_Stack_Size = 0x1000

.isr_vector     0x08000000       0x40
                0x08000000                        . = ALIGN (0x4)
 *(.isr_vector)
 .isr_vector    0x08000000       0x40 startup_stm32xx.o
                0x08000000                g_pfnVectors
                0x08000040                        . = ALIGN (0x4)

.text           0x08010000    0x11b00
                0x08010000                        . = ALIGN (0x4)
 *(.text)
 .text          0x08010000       0x40 E:/STM32CubeIDE_1.18.1/STM32CubeIDE/plugins/com.st.stm32cube.ide.mcu.externaltools.gnu-tools-for-stm32.13.3.rel1.win32_1.0.0.202411081344/tools/bin/../lib/gcc/arm-none-eabi/13.3.1/thumb/v7e-m+dp/hard/crtbegin.o
 *(.text*)
 .text._stai_network_check
                0x08010040       0x36 network.o
 *fill*         0x08010076        0x2 
 .text.stai_network_init
                0x08010078       0x38 network.o
                0x08010078                stai_network_init
 .text.forward_lite_dense_integer_SSSA_ch_gemm_11
                0x080100b0       0xa8 network.o
                0x080100b0                forward_lite_dense_integer_SSSA_ch_gemm_11
 .text.forward_lite_dense_integer_SSSA_ch_gemm_12
                0x08010158       0xa8 network.o
                0x08010158                forward_lite_dense_integer_SSSA_ch_gemm_12
 .text.stai_network_run
                0x08010200      0x58c network.o
                0x08010200                stai_network_run
 .text.stai_network_get_activations
                0x0801078c       0x50 network.o
                0x0801078c                stai_network_get_activations
 .text.stai_network_get_inputs
                0x080107dc       0x50 network.o
                0x080107dc                stai_network_get_inputs
 .text.stai_network_get_outputs
                0x0801082c       0x50 network.o
                0x0801082c                stai_network_get_outputs
 .text.stai_network_set_activations
                0x0801087c       0x94 network.o
                0x0801087c                stai_network_set_activations
 .text.Reset_Handler
                0x08010910       0x50 startup_stm32xx.o
                0x08010910                Reset_Handler
 .text.Default_Handler
                0x08010960        0x2 startup_stm32xx.o
                0x08010960                DebugMon_Handler
                0x08010960                HardFault_Handler
                0x08010960                SysTick_Handler
                0x08010960                PendSV_Handler
                0x08010960                NMI_Handler
                0x08010960                UsageFault_Handler
                0x08010960                Default_Handler
                0x08010960                MemManage_Handler
                0x08010960                SVC_Handler
                0x08010960                BusFault_Handler
 *fill*         0x08010962        0x2 
 .text.aiInit   0x08010964       0x54 stedgeai_app_main.o
                0x08010964                aiInit
 .text.aiRun    0x080109b8        0xc stedgeai_app_main.o
                0x080109b8                aiRun
 .text.main_loop
                0x080109c4        0xc stedgeai_app_main.o
                0x080109c4                main_loop
 .text.SystemInit
                0x080109d0        0x2 stedgeai_app_main.o
                0x080109d0                SystemInit
 .text.startup.main
                0x080109d2        0x6 stedgeai_app_main.o
                0x080109d2                main
 .text.forward_dense_integer_SSSA_ch
                0x080109d8      0x1b8 D:\ai_studio\ai_core\4.0\Middlewares\ST\AI\Lib\GCC\STM32H7\NetworkRuntime1201_CM7_GCC.a(layers_conv2d_stm32_integer.o)
                0x080109d8                forward_dense_integer_SSSA_ch
 .text.forward_lite_node_convert_integer_is8of32
                0x08010b90        0x4 D:\ai_studio\ai_core\4.0\Middlewares\ST\AI\Lib\GCC\STM32H7\NetworkRuntime1201_CM7_GCC.a(forward_lite_convert.o)
                0x08010b90                forward_lite_node_convert_integer_is8of32
 .text.forward_lite_node_convert_integer_if32os8
                0x08010b94        0x4 D:\ai_studio\ai_core\4.0\Middlewares\ST\AI\Lib\GCC\STM32H7\NetworkRuntime1201_CM7_GCC.a(forward_lite_convert.o)
                0x08010b94                forward_lite_node_convert_integer_if32os8
 .text.forward_lite_dense_is8os8ws8_ch
                0x08010b98       0x7c D:\ai_studio\ai_core\4.0\Middlewares\ST\AI\Lib\GCC\STM32H7\NetworkRuntime1201_CM7_GCC.a(forward_lite_dense_is8os8ws8_ch.o)
                0x08010b98                forward_lite_dense_is8os8ws8_ch
 .text.forward_lite_maxpool_is8os8_scalepos
                0x08010c14      0x1cc D:\ai_studio\ai_core\4.0\Middlewares\ST\AI\Lib\GCC\STM32H7\NetworkRuntime1201_CM7_GCC.a(forward_lite_maxpool_is8os8_scalepos.o)
                0x08010c14                forward_lite_maxpool_is8os8_scalepos
 .text.forward_lite_conv2d_deep_3x3_sssa8_ch
                0x08010de0      0x144 D:\ai_studio\ai_core\4.0\Middlewares\ST\AI\Lib\GCC\STM32H7\NetworkRuntime1201_CM7_GCC.a(forward_lite_conv2d_sssa8_ch.o)
                0x08010de0                forward_lite_conv2d_deep_3x3_sssa8_ch
 .text.forward_lite_conv2d_rgb_sssa8_ch
                0x08010f24      0x4ec D:\ai_studio\ai_core\4.0\Middlewares\ST\AI\Lib\GCC\STM32H7\NetworkRuntime1201_CM7_GCC.a(forward_lite_conv2d_sssa8_ch.o)
                0x08010f24                forward_lite_conv2d_rgb_sssa8_ch
 .text.lite_convert_is8of32
                0x08011410       0x24 D:\ai_studio\ai_core\4.0\Middlewares\ST\AI\Lib\GCC\STM32H7\NetworkRuntime1201_CM7_GCC.a(lite_convert_kernel.o)
                0x08011410                lite_convert_is8of32
 .text.lite_convert_if32os8
                0x08011434       0x6c D:\ai_studio\ai_core\4.0\Middlewares\ST\AI\Lib\GCC\STM32H7\NetworkRuntime1201_CM7_GCC.a(lite_convert_kernel.o)
                0x08011434                lite_convert_if32os8
 .text.forward_lite_nl_softmax_is8os8
                0x080114a0       0x14 D:\ai_studio\ai_core\4.0\Middlewares\ST\AI\Lib\GCC\STM32H7\NetworkRuntime1201_CM7_GCC.a(lite_nl_generic_integer.o)
                0x080114a0                forward_lite_nl_softmax_is8os8
 .text.forward_lite_pad_constant
                0x080114b4      0x138 D:\ai_studio\ai_core\4.0\Middlewares\ST\AI\Lib\GCC\STM32H7\NetworkRuntime1201_CM7_GCC.a(forward_lite_pad_generic.o)
                0x080114b4                forward_lite_pad_constant
 .text.align_factor_ch
                0x080115ec       0x60 D:\ai_studio\ai_core\4.0\Middlewares\ST\AI\Lib\GCC\STM32H7\NetworkRuntime1201_CM7_GCC.a(st_align_factor.o)
                0x080115ec                align_factor_ch
 .text.st_int8_to16_dual
                0x0801164c      0x1d4 D:\ai_studio\ai_core\4.0\Middlewares\ST\AI\Lib\GCC\STM32H7\NetworkRuntime1201_CM7_GCC.a(st_int8_to16_no_shift.o)
                0x0801164c                st_int8_to16_dual
 .text.ai_padding_opt_init
                0x08011820       0xb4 D:\ai_studio\ai_core\4.0\Middlewares\ST\AI\Lib\GCC\STM32H7\NetworkRuntime1201_CM7_GCC.a(st_padding_opt.o)
                0x08011820                ai_padding_opt_init
 .text.ai_padding_opt_phase1
                0x080118d4       0x34 D:\ai_studio\ai_core\4.0\Middlewares\ST\AI\Lib\GCC\STM32H7\NetworkRuntime1201_CM7_GCC.a(st_padding_opt.o)
                0x080118d4                ai_padding_opt_phase1
 .text.st_sssa8_ch_convolve_rank1upd
                0x08011908      0x128 D:\ai_studio\ai_core\4.0\Middlewares\ST\AI\Lib\GCC\STM32H7\NetworkRuntime1201_CM7_GCC.a(st_sssa8_ch_convolve.o)
                0x08011908                st_sssa8_ch_convolve_rank1upd
 .text.st_sssa8_ch_fully_connected
                0x08011a30      0x518 D:\ai_studio\ai_core\4.0\Middlewares\ST\AI\Lib\GCC\STM32H7\NetworkRuntime1201_CM7_GCC.a(st_sssa8_ch_dense.o)
                0x08011a30                st_sssa8_ch_fully_connected
 .text.st_int8_copy
                0x08011f48      0x138 D:\ai_studio\ai_core\4.0\Middlewares\ST\AI\Lib\GCC\STM32H7\NetworkRuntime1201_CM7_GCC.a(st_int8_fill.o)
                0x08011f48                st_int8_copy
 .text.st_int8_fill
                0x08012080       0x80 D:\ai_studio\ai_core\4.0\Middlewares\ST\AI\Lib\GCC\STM32H7\NetworkRuntime1201_CM7_GCC.a(st_int8_fill.o)
                0x08012080                st_int8_fill
 .text.st_int8_reordered_no_shift_zero
                0x08012100       0x6c D:\ai_studio\ai_core\4.0\Middlewares\ST\AI\Lib\GCC\STM32H7\NetworkRuntime1201_CM7_GCC.a(st_int8_reordered_no_shift.o)
                0x08012100                st_int8_reordered_no_shift_zero
 .text.st_sssa8_ch_nn_mat_mult_kernel_single_opt
                0x0801216c      0x370 D:\ai_studio\ai_core\4.0\Middlewares\ST\AI\Lib\GCC\STM32H7\NetworkRuntime1201_CM7_GCC.a(st_sssa8_ch_nn_mat_mult_kernel_single_opt.o)
                0x0801216c                st_sssa8_ch_nn_mat_mult_kernel_single_opt
 *fill*         0x080124dc     0xdb24 
 .text.st_sssa8_ch_nn_mat_mult_deep_conv2d_3x3
                0x08020000      0xb74 D:\ai_studio\ai_core\4.0\Middlewares\ST\AI\Lib\GCC\STM32H7\NetworkRuntime1201_CM7_GCC.a(st_sssa8_ch_nn_mat_mult_deep_conv2d_3x3.o)
                0x08020000                st_sssa8_ch_nn_mat_mult_deep_conv2d_3x3
 .text.st_sssa8_ch_nn_mat_mult_kernel_opt
                0x08020b74      0x33c D:\ai_studio\ai_core\4.0\Middlewares\ST\AI\Lib\GCC\STM32H7\NetworkRuntime1201_CM7_GCC.a(st_sssa8_ch_nn_mat_mult_kernel_opt.o)
                0x08020b74                st_sssa8_ch_nn_mat_mult_kernel_opt
 .text._lite_kernel_nl_softmax_is8os8
                0x08020eb0      0xbf0 D:\ai_studio\ai_core\4.0\Middlewares\ST\AI\Lib\GCC\STM32H7\NetworkRuntime1201_CM7_GCC.a(lite_nl_softmax_is8os8.o)
                0x08020eb0                _lite_kernel_nl_softmax_is8os8
 .text.__libc_init_array
                0x08021aa0       0x48 E:/STM32CubeIDE_1.18.1/STM32CubeIDE/plugins/com.st.stm32cube.ide.mcu.externaltools.gnu-tools-for-stm32.13.3.rel1.win32_1.0.0.202411081344/tools/bin/../lib/gcc/arm-none-eabi/13.3.1/../../../../arm-none-eabi/lib/thumb/v7e-m+dp/hard\libc_nano.a(libc_a-init.o)
                0x08021aa0                __libc_init_array
 *(.glue_7)
 .glue_7        0x08021ae8        0x0 linker stubs
 *(.glue_7t)
 .glue_7t       0x08021ae8        0x0 linker stubs
 *(.eh_frame)
 .eh_frame      0x08021ae8        0x0 E:/STM32CubeIDE_1.18.1/STM32CubeIDE/plugins/com.st.stm32cube.ide.mcu.externaltools.gnu-tools-for-stm32.13.3.rel1.win32_1.0.0.202411081344/tools/bin/../lib/gcc/arm-none-eabi/13.3.1/thumb/v7e-m+dp/hard/crtbegin.o
 *(.init)
 .init          0x08021ae8        0x4 E:/STM32CubeIDE_1.18.1/STM32CubeIDE/plugins/com.st.stm32cube.ide.mcu.externaltools.gnu-tools-for-stm32.13.3.rel1.win32_1.0.0.202411081344/tools/bin/../lib/gcc/arm-none-eabi/13.3.1/thumb/v7e-m+dp/hard/crti.o
                0x08021ae8                _init
 .init          0x08021aec        0x8 E:/STM32CubeIDE_1.18.1/STM32CubeIDE/plugins/com.st.stm32cube.ide.mcu.externaltools.gnu-tools-for-stm32.13.3.rel1.win32_1.0.0.202411081344/tools/bin/../lib/gcc/arm-none-eabi/13.3.1/thumb/v7e-m+dp/hard/crtn.o
 *(.fini)
 .fini          0x08021af4        0x4 E:/STM32CubeIDE_1.18.1/STM32CubeIDE/plugins/com.st.stm32cube.ide.mcu.externaltools.gnu-tools-for-stm32.13.3.rel1.win32_1.0.0.202411081344/tools/bin/../lib/gcc/arm-none-eabi/13.3.1/thumb/v7e-m+dp/hard/crti.o
                0x08021af4                _fini
 .fini          0x08021af8        0x8 E:/STM32CubeIDE_1.18.1/STM32CubeIDE/plugins/com.st.stm32cube.ide.mcu.externaltools.gnu-tools-for-stm32.13.3.rel1.win32_1.0.0.202411081344/tools/bin/../lib/gcc/arm-none-eabi/13.3.1/thumb/v7e-m+dp/hard/crtn.o
                0x08021b00                        . = ALIGN (0x4)
                0x08021b00                        _etext = .

.vfp11_veneer   0x08021b00        0x0
 .vfp11_veneer  0x08021b00        0x0 linker stubs

.v4_bx          0x08021b00        0x0
 .v4_bx         0x08021b00        0x0 linker stubs

.iplt           0x08021b00        0x0
 .iplt          0x08021b00        0x0 E:/STM32CubeIDE_1.18.1/STM32CubeIDE/plugins/com.st.stm32cube.ide.mcu.externaltools.gnu-tools-for-stm32.13.3.rel1.win32_1.0.0.202411081344/tools/bin/../lib/gcc/arm-none-eabi/13.3.1/thumb/v7e-m+dp/hard/crtbegin.o

.rodata         0x08021b00    0x230b0
                0x08021b00                        . = ALIGN (0x4)
 *(.rodata)
 *(.rodata*)
 .rodata._network_context.0
                0x08021b00       0x30 network.o
 .rodata.conv2d_5_t_weight_0_fmt_scale_const_f32
                0x08021b30       0x80 network.o
 .rodata.conv2d_5_pad_before_v_pad_constant_value_const_s8
                0x08021bb0        0x1 network.o
 *fill*         0x08021bb1        0x3 
 .rodata.conv2d_3_t_weight_0_fmt_scale_const_f32
                0x08021bb4       0x60 network.o
 .rodata.conv2d_3_pad_before_v_pad_constant_value_const_s8
                0x08021c14        0x1 network.o
 *fill*         0x08021c15        0x3 
 .rodata.conv2d_1_t_weight_0_fmt_scale_const_f32
                0x08021c18       0x40 network.o
 .rodata.gemm_12_chain
                0x08021c58        0x8 network.o
 .rodata.gemm_11_chain
                0x08021c60        0x8 network.o
 .rodata.__compound_literal.80
                0x08021c68        0x8 network.o
 .rodata.__compound_literal.79
                0x08021c70        0x5 network.o
 *fill*         0x08021c75        0x3 
 .rodata.__compound_literal.78
                0x08021c78       0x14 network.o
 .rodata.__compound_literal.77
                0x08021c8c        0x8 network.o
 .rodata.__compound_literal.76
                0x08021c94        0x1 network.o
 *fill*         0x08021c95        0x3 
 .rodata.__compound_literal.75
                0x08021c98        0x4 network.o
 .rodata.__compound_literal.74
                0x08021c9c        0x8 network.o
 .rodata.__compound_literal.73
                0x08021ca4       0x40 network.o
 .rodata.__compound_literal.72
                0x08021ce4      0x100 network.o
 .rodata.__compound_literal.71
                0x08021de4        0x8 network.o
 .rodata.__compound_literal.70
                0x08021dec        0x1 network.o
 *fill*         0x08021ded        0x3 
 .rodata.__compound_literal.69
                0x08021df0        0x4 network.o
 .rodata.__compound_literal.68
                0x08021df4        0x8 network.o
 .rodata.__compound_literal.67
                0x08021dfc        0x1 network.o
 *fill*         0x08021dfd        0x3 
 .rodata.__compound_literal.66
                0x08021e00        0x4 network.o
 *fill*         0x08021e04        0x4 
 .rodata.g_network_weights_array
                0x08021e08    0x22da8 network_data.o
                0x08021e08                g_network_weights_array
                0x08044bb0                        . = ALIGN (0x4)

.rel.dyn        0x08044bb0        0x0
 .rel.iplt      0x08044bb0        0x0 E:/STM32CubeIDE_1.18.1/STM32CubeIDE/plugins/com.st.stm32cube.ide.mcu.externaltools.gnu-tools-for-stm32.13.3.rel1.win32_1.0.0.202411081344/tools/bin/../lib/gcc/arm-none-eabi/13.3.1/thumb/v7e-m+dp/hard/crtbegin.o

.ARM.extab      0x08044bb0        0x0
                0x08044bb0                        . = ALIGN (0x4)
 *(.ARM.extab* .gnu.linkonce.armextab.*)
                0x08044bb0                        . = ALIGN (0x4)

.ARM            0x08044bb0        0x0
                0x08044bb0                        . = ALIGN (0x4)
                0x08044bb0                        __exidx_start = .
 *(.ARM.exidx*)
                0x08044bb0                        __exidx_end = .
                0x08044bb0                        . = ALIGN (0x4)

.preinit_array  0x08044bb0        0x0
                0x08044bb0                        . = ALIGN (0x4)
                0x08044bb0                        PROVIDE (__preinit_array_start = .)
 *(.preinit_array*)
                0x08044bb0                        PROVIDE (__preinit_array_end = .)
                0x08044bb0                        . = ALIGN (0x4)

.init_array     0x08044bb0        0x4
                0x08044bb0                        . = ALIGN (0x4)
                0x08044bb0                        PROVIDE (__init_array_start = .)
 *(SORT_BY_NAME(.init_array.*))
 *(.init_array*)
 .init_array    0x08044bb0        0x4 E:/STM32CubeIDE_1.18.1/STM32CubeIDE/plugins/com.st.stm32cube.ide.mcu.externaltools.gnu-tools-for-stm32.13.3.rel1.win32_1.0.0.202411081344/tools/bin/../lib/gcc/arm-none-eabi/13.3.1/thumb/v7e-m+dp/hard/crtbegin.o
                0x08044bb4                        PROVIDE (__init_array_end = .)
                0x08044bb4                        . = ALIGN (0x4)

.fini_array     0x08044bb4        0x4
                0x08044bb4                        . = ALIGN (0x4)
                [!provide]                        PROVIDE (__fini_array_start = .)
 *(SORT_BY_NAME(.fini_array.*))
 *(.fini_array*)
 .fini_array    0x08044bb4        0x4 E:/STM32CubeIDE_1.18.1/STM32CubeIDE/plugins/com.st.stm32cube.ide.mcu.externaltools.gnu-tools-for-stm32.13.3.rel1.win32_1.0.0.202411081344/tools/bin/../lib/gcc/arm-none-eabi/13.3.1/thumb/v7e-m+dp/hard/crtbegin.o
                [!provide]                        PROVIDE (__fini_array_end = .)
                0x08044bb8                        . = ALIGN (0x4)
                0x08044bb8                        _sidata = LOADADDR (.data)

.data           0x20000000      0x39c load address 0x08044bb8
                0x20000000                        . = ALIGN (0x4)
                0x20000000                        _sdata = .
 *(.data)
 *(.data*)
 .data.gemm_12_layer
                0x20000000       0x20 network.o
 .data.__compound_literal.108
                0x20000020       0x30 network.o
 .data.__compound_literal.107
                0x20000050        0x4 network.o
 .data.__compound_literal.106
                0x20000054        0x8 network.o
 .data.__compound_literal.105
                0x2000005c        0x4 network.o
 .data.__compound_literal.104
                0x20000060        0x4 network.o
 .data.gemm_11_layer
                0x20000064       0x20 network.o
 .data.__compound_literal.103
                0x20000084       0x30 network.o
 .data.__compound_literal.102
                0x200000b4        0x4 network.o
 .data.__compound_literal.101
                0x200000b8        0x8 network.o
 .data.__compound_literal.100
                0x200000c0        0x4 network.o
 .data.__compound_literal.99
                0x200000c4        0x4 network.o
 .data.gemm_12_weights
                0x200000c8       0x1c network.o
 .data.__compound_literal.98
                0x200000e4       0x10 network.o
 .data.__compound_literal.97
                0x200000f4       0x10 network.o
 .data.gemm_12_scratch0
                0x20000104       0x1c network.o
 .data.__compound_literal.96
                0x20000120       0x10 network.o
 .data.__compound_literal.95
                0x20000130       0x10 network.o
 .data.gemm_12_output
                0x20000140       0x1c network.o
 .data.__compound_literal.94
                0x2000015c       0x10 network.o
 .data.__compound_literal.93
                0x2000016c       0x10 network.o
 .data.gemm_12_bias
                0x2000017c       0x1c network.o
 .data.__compound_literal.92
                0x20000198       0x10 network.o
 .data.__compound_literal.91
                0x200001a8       0x10 network.o
 .data.pool_6_output0
                0x200001b8       0x1c network.o
 .data.__compound_literal.90
                0x200001d4       0x10 network.o
 .data.__compound_literal.89
                0x200001e4       0x10 network.o
 .data.gemm_11_weights
                0x200001f4       0x1c network.o
 .data.__compound_literal.88
                0x20000210       0x10 network.o
 .data.__compound_literal.87
                0x20000220       0x10 network.o
 .data.gemm_11_scratch0
                0x20000230       0x1c network.o
 .data.__compound_literal.86
                0x2000024c       0x10 network.o
 .data.__compound_literal.85
                0x2000025c       0x10 network.o
 .data.gemm_11_output
                0x2000026c       0x1c network.o
 .data.__compound_literal.84
                0x20000288       0x10 network.o
 .data.__compound_literal.83
                0x20000298       0x10 network.o
 .data.gemm_11_bias
                0x200002a8       0x1c network.o
 .data.__compound_literal.82
                0x200002c4       0x10 network.o
 .data.__compound_literal.81
                0x200002d4       0x10 network.o
 .data.gemm_12_scratch0_array
                0x200002e4       0x10 network.o
 .data.gemm_12_bias_array
                0x200002f4       0x10 network.o
 .data.gemm_12_weights_array
                0x20000304       0x10 network.o
 .data.gemm_12_output_array
                0x20000314       0x10 network.o
 .data.gemm_11_scratch0_array
                0x20000324       0x10 network.o
 .data.gemm_11_bias_array
                0x20000334       0x10 network.o
 .data.gemm_11_weights_array
                0x20000344       0x10 network.o
 .data.gemm_11_output_array
                0x20000354       0x10 network.o
 .data.pool_6_output_array
                0x20000364       0x10 network.o
 .data.gemm_12_weights_array_intq
                0x20000374        0x8 network.o
 .data.gemm_12_output_array_intq
                0x2000037c        0x8 network.o
 .data.gemm_11_weights_array_intq
                0x20000384        0x8 network.o
 .data.gemm_11_output_array_intq
                0x2000038c        0x8 network.o
 .data.pool_6_output_array_intq
                0x20000394        0x8 network.o
                0x2000039c                        . = ALIGN (0x4)
                0x2000039c                        _edata = .

.igot.plt       0x2000039c        0x0 load address 0x08044f54
 .igot.plt      0x2000039c        0x0 E:/STM32CubeIDE_1.18.1/STM32CubeIDE/plugins/com.st.stm32cube.ide.mcu.externaltools.gnu-tools-for-stm32.13.3.rel1.win32_1.0.0.202411081344/tools/bin/../lib/gcc/arm-none-eabi/13.3.1/thumb/v7e-m+dp/hard/crtbegin.o
                0x2000039c                        . = ALIGN (0x4)

.bss            0x200003a0    0x14c98 load address 0x08044f54
                0x200003a0                        _sbss = .
                0x200003a0                        __bss_start__ = _sbss
 *(.bss)
 .bss           0x200003a0       0x1c E:/STM32CubeIDE_1.18.1/STM32CubeIDE/plugins/com.st.stm32cube.ide.mcu.externaltools.gnu-tools-for-stm32.13.3.rel1.win32_1.0.0.202411081344/tools/bin/../lib/gcc/arm-none-eabi/13.3.1/thumb/v7e-m+dp/hard/crtbegin.o
 *(.bss*)
 .bss.m_acts    0x200003bc        0x4 stedgeai_app_main.o
 .bss.m_outputs
                0x200003c0        0x4 stedgeai_app_main.o
 .bss.m_inputs  0x200003c4        0x4 stedgeai_app_main.o
 .bss.activations_1
                0x200003c8    0x14c40 stedgeai_app_main.o
 .bss.m_network
                0x20015008       0x30 stedgeai_app_main.o
                0x20015008                m_network
 *(COMMON)
                0x20015038                        . = ALIGN (0x4)
                0x20015038                        _ebss = .
                0x20015038                        __bss_end__ = _ebss

._user_heap_stack
                0x20015038     0x3000 load address 0x08044f54
                0x20015038                        . = ALIGN (0x8)
                [!provide]                        PROVIDE (end = .)
                0x20015038                        PROVIDE (_end = .)
                0x20017038                        . = (. + _Min_Heap_Size)
 *fill*         0x20015038     0x2000 
                0x20018038                        . = (. + _Min_Stack_Size)
 *fill*         0x20017038     0x1000 
                0x20018038                        . = ALIGN (0x8)

/DISCARD/
 libc.a(*)
 libm.a(*)
 libgcc.a(*)

.ARM.attributes
                0x00000000       0x2e
 *(.ARM.attributes)
 .ARM.attributes
                0x00000000       0x20 E:/STM32CubeIDE_1.18.1/STM32CubeIDE/plugins/com.st.stm32cube.ide.mcu.externaltools.gnu-tools-for-stm32.13.3.rel1.win32_1.0.0.202411081344/tools/bin/../lib/gcc/arm-none-eabi/13.3.1/thumb/v7e-m+dp/hard/crti.o
 .ARM.attributes
                0x00000020       0x32 E:/STM32CubeIDE_1.18.1/STM32CubeIDE/plugins/com.st.stm32cube.ide.mcu.externaltools.gnu-tools-for-stm32.13.3.rel1.win32_1.0.0.202411081344/tools/bin/../lib/gcc/arm-none-eabi/13.3.1/thumb/v7e-m+dp/hard/crtbegin.o
 .ARM.attributes
                0x00000052       0x32 network.o
 .ARM.attributes
                0x00000084       0x32 network_data.o
 .ARM.attributes
                0x000000b6       0x21 startup_stm32xx.o
 .ARM.attributes
                0x000000d7       0x32 stedgeai_app_main.o
 .ARM.attributes
                0x00000109       0x2e D:\ai_studio\ai_core\4.0\Middlewares\ST\AI\Lib\GCC\STM32H7\NetworkRuntime1201_CM7_GCC.a(layers_conv2d_stm32_integer.o)
 .ARM.attributes
                0x00000137       0x2e D:\ai_studio\ai_core\4.0\Middlewares\ST\AI\Lib\GCC\STM32H7\NetworkRuntime1201_CM7_GCC.a(forward_lite_convert.o)
 .ARM.attributes
                0x00000165       0x2e D:\ai_studio\ai_core\4.0\Middlewares\ST\AI\Lib\GCC\STM32H7\NetworkRuntime1201_CM7_GCC.a(forward_lite_dense_is8os8ws8_ch.o)
 .ARM.attributes
                0x00000193       0x2e D:\ai_studio\ai_core\4.0\Middlewares\ST\AI\Lib\GCC\STM32H7\NetworkRuntime1201_CM7_GCC.a(forward_lite_maxpool_is8os8_scalepos.o)
 .ARM.attributes
                0x000001c1       0x2e D:\ai_studio\ai_core\4.0\Middlewares\ST\AI\Lib\GCC\STM32H7\NetworkRuntime1201_CM7_GCC.a(forward_lite_conv2d_sssa8_ch.o)
 .ARM.attributes
                0x000001ef       0x2e D:\ai_studio\ai_core\4.0\Middlewares\ST\AI\Lib\GCC\STM32H7\NetworkRuntime1201_CM7_GCC.a(lite_convert_kernel.o)
 .ARM.attributes
                0x0000021d       0x2e D:\ai_studio\ai_core\4.0\Middlewares\ST\AI\Lib\GCC\STM32H7\NetworkRuntime1201_CM7_GCC.a(lite_nl_generic_integer.o)
 .ARM.attributes
                0x0000024b       0x2e D:\ai_studio\ai_core\4.0\Middlewares\ST\AI\Lib\GCC\STM32H7\NetworkRuntime1201_CM7_GCC.a(forward_lite_pad_generic.o)
 .ARM.attributes
                0x00000279       0x2e D:\ai_studio\ai_core\4.0\Middlewares\ST\AI\Lib\GCC\STM32H7\NetworkRuntime1201_CM7_GCC.a(st_align_factor.o)
 .ARM.attributes
                0x000002a7       0x2e D:\ai_studio\ai_core\4.0\Middlewares\ST\AI\Lib\GCC\STM32H7\NetworkRuntime1201_CM7_GCC.a(st_int8_to16_no_shift.o)
 .ARM.attributes
                0x000002d5       0x2e D:\ai_studio\ai_core\4.0\Middlewares\ST\AI\Lib\GCC\STM32H7\NetworkRuntime1201_CM7_GCC.a(st_padding_opt.o)
 .ARM.attributes
                0x00000303       0x2e D:\ai_studio\ai_core\4.0\Middlewares\ST\AI\Lib\GCC\STM32H7\NetworkRuntime1201_CM7_GCC.a(st_sssa8_ch_convolve.o)
 .ARM.attributes
                0x00000331       0x2e D:\ai_studio\ai_core\4.0\Middlewares\ST\AI\Lib\GCC\STM32H7\NetworkRuntime1201_CM7_GCC.a(st_sssa8_ch_dense.o)
 .ARM.attributes
                0x0000035f       0x2e D:\ai_studio\ai_core\4.0\Middlewares\ST\AI\Lib\GCC\STM32H7\NetworkRuntime1201_CM7_GCC.a(st_int8_fill.o)
 .ARM.attributes
                0x0000038d       0x2e D:\ai_studio\ai_core\4.0\Middlewares\ST\AI\Lib\GCC\STM32H7\NetworkRuntime1201_CM7_GCC.a(st_int8_reordered_no_shift.o)
 .ARM.attributes
                0x000003bb       0x2e D:\ai_studio\ai_core\4.0\Middlewares\ST\AI\Lib\GCC\STM32H7\NetworkRuntime1201_CM7_GCC.a(st_sssa8_ch_nn_mat_mult_kernel_single_opt.o)
 .ARM.attributes
                0x000003e9       0x1c D:\ai_studio\ai_core\4.0\Middlewares\ST\AI\Lib\GCC\STM32H7\NetworkRuntime1201_CM7_GCC.a(st_sssa8_ch_nn_mat_mult_deep_conv2d_3x3.o)
 .ARM.attributes
                0x00000405       0x1c D:\ai_studio\ai_core\4.0\Middlewares\ST\AI\Lib\GCC\STM32H7\NetworkRuntime1201_CM7_GCC.a(st_sssa8_ch_nn_mat_mult_kernel_opt.o)
 .ARM.attributes
                0x00000421       0x2e D:\ai_studio\ai_core\4.0\Middlewares\ST\AI\Lib\GCC\STM32H7\NetworkRuntime1201_CM7_GCC.a(lite_nl_softmax_is8os8.o)
 .ARM.attributes
                0x0000044f       0x32 E:/STM32CubeIDE_1.18.1/STM32CubeIDE/plugins/com.st.stm32cube.ide.mcu.externaltools.gnu-tools-for-stm32.13.3.rel1.win32_1.0.0.202411081344/tools/bin/../lib/gcc/arm-none-eabi/13.3.1/../../../../arm-none-eabi/lib/thumb/v7e-m+dp/hard\libc_nano.a(libc_a-init.o)
 .ARM.attributes
                0x00000481       0x20 E:/STM32CubeIDE_1.18.1/STM32CubeIDE/plugins/com.st.stm32cube.ide.mcu.externaltools.gnu-tools-for-stm32.13.3.rel1.win32_1.0.0.202411081344/tools/bin/../lib/gcc/arm-none-eabi/13.3.1/thumb/v7e-m+dp/hard/crtn.o
OUTPUT(network.elf elf32-littlearm)
LOAD linker stubs
LOAD E:/STM32CubeIDE_1.18.1/STM32CubeIDE/plugins/com.st.stm32cube.ide.mcu.externaltools.gnu-tools-for-stm32.13.3.rel1.win32_1.0.0.202411081344/tools/bin/../lib/gcc/arm-none-eabi/13.3.1/../../../../arm-none-eabi/lib/thumb/v7e-m+dp/hard\libc.a
LOAD E:/STM32CubeIDE_1.18.1/STM32CubeIDE/plugins/com.st.stm32cube.ide.mcu.externaltools.gnu-tools-for-stm32.13.3.rel1.win32_1.0.0.202411081344/tools/bin/../lib/gcc/arm-none-eabi/13.3.1/../../../../arm-none-eabi/lib/thumb/v7e-m+dp/hard\libm.a
LOAD E:/STM32CubeIDE_1.18.1/STM32CubeIDE/plugins/com.st.stm32cube.ide.mcu.externaltools.gnu-tools-for-stm32.13.3.rel1.win32_1.0.0.202411081344/tools/bin/../lib/gcc/arm-none-eabi/13.3.1/thumb/v7e-m+dp/hard\libgcc.a

.debug_info     0x00000000     0x396f
 .debug_info    0x00000000     0x336a network.o
 .debug_info    0x0000336a       0xcd network_data.o
 .debug_info    0x00003437       0x32 startup_stm32xx.o
 .debug_info    0x00003469      0x506 stedgeai_app_main.o

.debug_abbrev   0x00000000      0x62e
 .debug_abbrev  0x00000000      0x3ed network.o
 .debug_abbrev  0x000003ed       0x76 network_data.o
 .debug_abbrev  0x00000463       0x24 startup_stm32xx.o
 .debug_abbrev  0x00000487      0x1a7 stedgeai_app_main.o

.debug_loc      0x00000000     0x1593
 .debug_loc     0x00000000     0x1593 network.o

.debug_aranges  0x00000000      0x130
 .debug_aranges
                0x00000000       0xb0 network.o
 .debug_aranges
                0x000000b0       0x18 network_data.o
 .debug_aranges
                0x000000c8       0x28 startup_stm32xx.o
 .debug_aranges
                0x000000f0       0x40 stedgeai_app_main.o

.debug_ranges   0x00000000      0x168
 .debug_ranges  0x00000000      0x118 network.o
 .debug_ranges  0x00000118       0x20 startup_stm32xx.o
 .debug_ranges  0x00000138       0x30 stedgeai_app_main.o

.debug_macro    0x00000000     0x40ff
 .debug_macro   0x00000000      0x66b network.o
 .debug_macro   0x0000066b      0xade network.o
 .debug_macro   0x00001149       0x22 network.o
 .debug_macro   0x0000116b       0x8e network.o
 .debug_macro   0x000011f9       0x51 network.o
 .debug_macro   0x0000124a      0x103 network.o
 .debug_macro   0x0000134d       0x6a network.o
 .debug_macro   0x000013b7      0x1df network.o
 .debug_macro   0x00001596      0x190 network.o
 .debug_macro   0x00001726       0x74 network.o
 .debug_macro   0x0000179a       0x29 network.o
 .debug_macro   0x000017c3       0x3c network.o
 .debug_macro   0x000017ff       0x3a network.o
 .debug_macro   0x00001839       0x3c network.o
 .debug_macro   0x00001875      0x4cc network.o
 .debug_macro   0x00001d41       0x46 network.o
 .debug_macro   0x00001d87       0x22 network.o
 .debug_macro   0x00001da9      0x342 network.o
 .debug_macro   0x000020eb       0x16 network.o
 .debug_macro   0x00002101      0x370 network.o
 .debug_macro   0x00002471       0x16 network.o
 .debug_macro   0x00002487       0x4a network.o
 .debug_macro   0x000024d1       0x34 network.o
 .debug_macro   0x00002505       0x10 network.o
 .debug_macro   0x00002515       0x58 network.o
 .debug_macro   0x0000256d      0x1e5 network.o
 .debug_macro   0x00002752       0x10 network.o
 .debug_macro   0x00002762       0x20 network.o
 .debug_macro   0x00002782       0x22 network.o
 .debug_macro   0x000027a4       0x10 network.o
 .debug_macro   0x000027b4       0xc0 network.o
 .debug_macro   0x00002874      0x229 network.o
 .debug_macro   0x00002a9d       0x2e network.o
 .debug_macro   0x00002acb       0xcf network.o
 .debug_macro   0x00002b9a      0x1ed network.o
 .debug_macro   0x00002d87       0x16 network.o
 .debug_macro   0x00002d9d       0x2e network.o
 .debug_macro   0x00002dcb       0xdc network.o
 .debug_macro   0x00002ea7       0x4d network.o
 .debug_macro   0x00002ef4       0x25 network.o
 .debug_macro   0x00002f19       0x6d network.o
 .debug_macro   0x00002f86       0x16 network.o
 .debug_macro   0x00002f9c       0x7c network.o
 .debug_macro   0x00003018       0x22 network.o
 .debug_macro   0x0000303a       0x10 network.o
 .debug_macro   0x0000304a       0x10 network.o
 .debug_macro   0x0000305a       0x11 network.o
 .debug_macro   0x0000306b       0x2e network.o
 .debug_macro   0x00003099       0x2e network.o
 .debug_macro   0x000030c7      0x19b network.o
 .debug_macro   0x00003262       0x7c network.o
 .debug_macro   0x000032de       0x17 network.o
 .debug_macro   0x000032f5      0x118 network.o
 .debug_macro   0x0000340d      0x202 network.o
 .debug_macro   0x0000360f       0x3a network.o
 .debug_macro   0x00003649       0x16 network.o
 .debug_macro   0x0000365f      0x1be network.o
 .debug_macro   0x0000381d       0x16 network.o
 .debug_macro   0x00003833       0x10 network.o
 .debug_macro   0x00003843       0x93 network_data.o
 .debug_macro   0x000038d6       0x28 network_data.o
 .debug_macro   0x000038fe       0xab network_data.o
 .debug_macro   0x000039a9      0x1dc stedgeai_app_main.o
 .debug_macro   0x00003b85       0x6e stedgeai_app_main.o
 .debug_macro   0x00003bf3       0x94 stedgeai_app_main.o
 .debug_macro   0x00003c87       0x34 stedgeai_app_main.o
 .debug_macro   0x00003cbb       0x16 stedgeai_app_main.o
 .debug_macro   0x00003cd1       0x57 stedgeai_app_main.o
 .debug_macro   0x00003d28       0x9e stedgeai_app_main.o
 .debug_macro   0x00003dc6      0x112 stedgeai_app_main.o
 .debug_macro   0x00003ed8       0x10 stedgeai_app_main.o
 .debug_macro   0x00003ee8       0x16 stedgeai_app_main.o
 .debug_macro   0x00003efe       0x16 stedgeai_app_main.o
 .debug_macro   0x00003f14      0x170 stedgeai_app_main.o
 .debug_macro   0x00004084       0x16 stedgeai_app_main.o
 .debug_macro   0x0000409a       0x16 stedgeai_app_main.o
 .debug_macro   0x000040b0       0x29 stedgeai_app_main.o
 .debug_macro   0x000040d9       0x16 stedgeai_app_main.o
 .debug_macro   0x000040ef       0x10 stedgeai_app_main.o

.debug_line     0x00000000     0x27de
 .debug_line    0x00000000     0x1c41 network.o
 .debug_line    0x00001c41      0x478 network_data.o
 .debug_line    0x000020b9       0xbd startup_stm32xx.o
 .debug_line    0x00002176      0x668 stedgeai_app_main.o

.debug_str      0x00000000    0x16a70
 .debug_str     0x00000000    0x16a70 network.o
                              0x16640 (size before relaxing)
 .debug_str     0x00016a70     0x46d5 network_data.o
 .debug_str     0x00016a70       0xba startup_stm32xx.o
 .debug_str     0x00016a70     0x8a7a stedgeai_app_main.o

.comment        0x00000000       0x43
 .comment       0x00000000       0x43 network.o
                                 0x44 (size before relaxing)
 .comment       0x00000043       0x44 network_data.o
 .comment       0x00000043       0x44 stedgeai_app_main.o
 .comment       0x00000043       0x44 D:\ai_studio\ai_core\4.0\Middlewares\ST\AI\Lib\GCC\STM32H7\NetworkRuntime1201_CM7_GCC.a(layers_conv2d_stm32_integer.o)
 .comment       0x00000043       0x44 D:\ai_studio\ai_core\4.0\Middlewares\ST\AI\Lib\GCC\STM32H7\NetworkRuntime1201_CM7_GCC.a(forward_lite_convert.o)
 .comment       0x00000043       0x44 D:\ai_studio\ai_core\4.0\Middlewares\ST\AI\Lib\GCC\STM32H7\NetworkRuntime1201_CM7_GCC.a(forward_lite_dense_is8os8ws8_ch.o)
 .comment       0x00000043       0x44 D:\ai_studio\ai_core\4.0\Middlewares\ST\AI\Lib\GCC\STM32H7\NetworkRuntime1201_CM7_GCC.a(forward_lite_maxpool_is8os8_scalepos.o)
 .comment       0x00000043       0x44 D:\ai_studio\ai_core\4.0\Middlewares\ST\AI\Lib\GCC\STM32H7\NetworkRuntime1201_CM7_GCC.a(forward_lite_conv2d_sssa8_ch.o)
 .comment       0x00000043       0x44 D:\ai_studio\ai_core\4.0\Middlewares\ST\AI\Lib\GCC\STM32H7\NetworkRuntime1201_CM7_GCC.a(lite_convert_kernel.o)
 .comment       0x00000043       0x44 D:\ai_studio\ai_core\4.0\Middlewares\ST\AI\Lib\GCC\STM32H7\NetworkRuntime1201_CM7_GCC.a(lite_nl_generic_integer.o)
 .comment       0x00000043       0x44 D:\ai_studio\ai_core\4.0\Middlewares\ST\AI\Lib\GCC\STM32H7\NetworkRuntime1201_CM7_GCC.a(forward_lite_pad_generic.o)
 .comment       0x00000043       0x44 D:\ai_studio\ai_core\4.0\Middlewares\ST\AI\Lib\GCC\STM32H7\NetworkRuntime1201_CM7_GCC.a(st_align_factor.o)
 .comment       0x00000043       0x44 D:\ai_studio\ai_core\4.0\Middlewares\ST\AI\Lib\GCC\STM32H7\NetworkRuntime1201_CM7_GCC.a(st_int8_to16_no_shift.o)
 .comment       0x00000043       0x44 D:\ai_studio\ai_core\4.0\Middlewares\ST\AI\Lib\GCC\STM32H7\NetworkRuntime1201_CM7_GCC.a(st_padding_opt.o)
 .comment       0x00000043       0x44 D:\ai_studio\ai_core\4.0\Middlewares\ST\AI\Lib\GCC\STM32H7\NetworkRuntime1201_CM7_GCC.a(st_sssa8_ch_convolve.o)
 .comment       0x00000043       0x44 D:\ai_studio\ai_core\4.0\Middlewares\ST\AI\Lib\GCC\STM32H7\NetworkRuntime1201_CM7_GCC.a(st_sssa8_ch_dense.o)
 .comment       0x00000043       0x44 D:\ai_studio\ai_core\4.0\Middlewares\ST\AI\Lib\GCC\STM32H7\NetworkRuntime1201_CM7_GCC.a(st_int8_fill.o)
 .comment       0x00000043       0x44 D:\ai_studio\ai_core\4.0\Middlewares\ST\AI\Lib\GCC\STM32H7\NetworkRuntime1201_CM7_GCC.a(st_int8_reordered_no_shift.o)
 .comment       0x00000043       0x44 D:\ai_studio\ai_core\4.0\Middlewares\ST\AI\Lib\GCC\STM32H7\NetworkRuntime1201_CM7_GCC.a(st_sssa8_ch_nn_mat_mult_kernel_single_opt.o)
 .comment       0x00000043       0x44 D:\ai_studio\ai_core\4.0\Middlewares\ST\AI\Lib\GCC\STM32H7\NetworkRuntime1201_CM7_GCC.a(lite_nl_softmax_is8os8.o)

.debug_frame    0x00000000      0x2ac
 .debug_frame   0x00000000      0x204 network.o
 .debug_frame   0x00000204       0x7c stedgeai_app_main.o
 .debug_frame   0x00000280       0x2c E:/STM32CubeIDE_1.18.1/STM32CubeIDE/plugins/com.st.stm32cube.ide.mcu.externaltools.gnu-tools-for-stm32.13.3.rel1.win32_1.0.0.202411081344/tools/bin/../lib/gcc/arm-none-eabi/13.3.1/../../../../arm-none-eabi/lib/thumb/v7e-m+dp/hard\libc_nano.a(libc_a-init.o)

Cross Reference Table

Symbol                                            File
BusFault_Handler                                  startup_stm32xx.o
DebugMon_Handler                                  startup_stm32xx.o
Default_Handler                                   startup_stm32xx.o
HSP_ACC_CnnConv2d1_s8                             stedgeai_hsp_stubs.o
HSP_ACC_CnnConv2d2_s8                             stedgeai_hsp_stubs.o
HSP_ACC_CnnConv2d3_s8                             stedgeai_hsp_stubs.o
HSP_ACC_CnnConvDepthwise1_s8                      stedgeai_hsp_stubs.o
HSP_ACC_CnnConvDepthwise2_s8                      stedgeai_hsp_stubs.o
HSP_ACC_CnnConvDepthwise3_s8                      stedgeai_hsp_stubs.o
HSP_ACC_CnnConvPointwise1_s8                      stedgeai_hsp_stubs.o
HSP_ACC_CnnConvPointwise2_s8                      stedgeai_hsp_stubs.o
HSP_ACC_CnnConvPointwise3_s8                      stedgeai_hsp_stubs.o
HSP_ACC_CnnFullyConnected0_s8                     stedgeai_hsp_stubs.o
HSP_ACC_CnnFullyConnected1_s8                     stedgeai_hsp_stubs.o
HSP_ACC_CnnPool0_s8                               stedgeai_hsp_stubs.o
HSP_ACC_CnnPool1_s8                               stedgeai_hsp_stubs.o
HardFault_Handler                                 startup_stm32xx.o
MemManage_Handler                                 startup_stm32xx.o
NMI_Handler                                       startup_stm32xx.o
PendSV_Handler                                    startup_stm32xx.o
Reset_Handler                                     startup_stm32xx.o
SVC_Handler                                       startup_stm32xx.o
SysTick_Handler                                   startup_stm32xx.o
SystemInit                                        stedgeai_app_main.o
                                                  startup_stm32xx.o
UsageFault_Handler                                startup_stm32xx.o
_Min_Stack_Size                                   sysmem.o
__aeabi_f2lz                                      E:/STM32CubeIDE_1.18.1/STM32CubeIDE/plugins/com.st.stm32cube.ide.mcu.externaltools.gnu-tools-for-stm32.13.3.rel1.win32_1.0.0.202411081344/tools/bin/../lib/gcc/arm-none-eabi/13.3.1/thumb/v7e-m+dp/hard\libgcc.a(_fixsfdi.o)
                                                  D:\ai_studio\ai_core\4.0\Middlewares\ST\AI\Lib\GCC\STM32H7\NetworkRuntime1201_CM7_GCC.a(st_align_factor.o)
__aeabi_f2ulz                                     E:/STM32CubeIDE_1.18.1/STM32CubeIDE/plugins/com.st.stm32cube.ide.mcu.externaltools.gnu-tools-for-stm32.13.3.rel1.win32_1.0.0.202411081344/tools/bin/../lib/gcc/arm-none-eabi/13.3.1/thumb/v7e-m+dp/hard\libgcc.a(_fixunssfdi.o)
                                                  E:/STM32CubeIDE_1.18.1/STM32CubeIDE/plugins/com.st.stm32cube.ide.mcu.externaltools.gnu-tools-for-stm32.13.3.rel1.win32_1.0.0.202411081344/tools/bin/../lib/gcc/arm-none-eabi/13.3.1/thumb/v7e-m+dp/hard\libgcc.a(_fixsfdi.o)
__bss_end__                                       E:/STM32CubeIDE_1.18.1/STM32CubeIDE/plugins/com.st.stm32cube.ide.mcu.externaltools.gnu-tools-for-stm32.13.3.rel1.win32_1.0.0.202411081344/tools/bin/../lib/gcc/arm-none-eabi/13.3.1/../../../../arm-none-eabi/lib/thumb/v7e-m+dp/hard/crt0.o
__bss_start__                                     E:/STM32CubeIDE_1.18.1/STM32CubeIDE/plugins/com.st.stm32cube.ide.mcu.externaltools.gnu-tools-for-stm32.13.3.rel1.win32_1.0.0.202411081344/tools/bin/../lib/gcc/arm-none-eabi/13.3.1/../../../../arm-none-eabi/lib/thumb/v7e-m+dp/hard/crt0.o
__call_exitprocs                                  E:/STM32CubeIDE_1.18.1/STM32CubeIDE/plugins/com.st.stm32cube.ide.mcu.externaltools.gnu-tools-for-stm32.13.3.rel1.win32_1.0.0.202411081344/tools/bin/../lib/gcc/arm-none-eabi/13.3.1/../../../../arm-none-eabi/lib/thumb/v7e-m+dp/hard\libc_nano.a(libc_a-exit.o)
__deregister_frame_info                           E:/STM32CubeIDE_1.18.1/STM32CubeIDE/plugins/com.st.stm32cube.ide.mcu.externaltools.gnu-tools-for-stm32.13.3.rel1.win32_1.0.0.202411081344/tools/bin/../lib/gcc/arm-none-eabi/13.3.1/thumb/v7e-m+dp/hard/crtbegin.o
__dso_handle                                      E:/STM32CubeIDE_1.18.1/STM32CubeIDE/plugins/com.st.stm32cube.ide.mcu.externaltools.gnu-tools-for-stm32.13.3.rel1.win32_1.0.0.202411081344/tools/bin/../lib/gcc/arm-none-eabi/13.3.1/thumb/v7e-m+dp/hard/crtbegin.o
__env                                             syscalls.o
__errno                                           E:/STM32CubeIDE_1.18.1/STM32CubeIDE/plugins/com.st.stm32cube.ide.mcu.externaltools.gnu-tools-for-stm32.13.3.rel1.win32_1.0.0.202411081344/tools/bin/../lib/gcc/arm-none-eabi/13.3.1/../../../../arm-none-eabi/lib/thumb/v7e-m+dp/hard\libc_nano.a(libc_a-errno.o)
                                                  sysmem.o
                                                  syscalls.o
__fixsfdi                                         E:/STM32CubeIDE_1.18.1/STM32CubeIDE/plugins/com.st.stm32cube.ide.mcu.externaltools.gnu-tools-for-stm32.13.3.rel1.win32_1.0.0.202411081344/tools/bin/../lib/gcc/arm-none-eabi/13.3.1/thumb/v7e-m+dp/hard\libgcc.a(_fixsfdi.o)
__fixunssfdi                                      E:/STM32CubeIDE_1.18.1/STM32CubeIDE/plugins/com.st.stm32cube.ide.mcu.externaltools.gnu-tools-for-stm32.13.3.rel1.win32_1.0.0.202411081344/tools/bin/../lib/gcc/arm-none-eabi/13.3.1/thumb/v7e-m+dp/hard\libgcc.a(_fixunssfdi.o)
__fp_lock_all                                     E:/STM32CubeIDE_1.18.1/STM32CubeIDE/plugins/com.st.stm32cube.ide.mcu.externaltools.gnu-tools-for-stm32.13.3.rel1.win32_1.0.0.202411081344/tools/bin/../lib/gcc/arm-none-eabi/13.3.1/../../../../arm-none-eabi/lib/thumb/v7e-m+dp/hard\libc_nano.a(libc_a-findfp.o)
__fp_unlock_all                                   E:/STM32CubeIDE_1.18.1/STM32CubeIDE/plugins/com.st.stm32cube.ide.mcu.externaltools.gnu-tools-for-stm32.13.3.rel1.win32_1.0.0.202411081344/tools/bin/../lib/gcc/arm-none-eabi/13.3.1/../../../../arm-none-eabi/lib/thumb/v7e-m+dp/hard\libc_nano.a(libc_a-findfp.o)
__init_array_end                                  E:/STM32CubeIDE_1.18.1/STM32CubeIDE/plugins/com.st.stm32cube.ide.mcu.externaltools.gnu-tools-for-stm32.13.3.rel1.win32_1.0.0.202411081344/tools/bin/../lib/gcc/arm-none-eabi/13.3.1/../../../../arm-none-eabi/lib/thumb/v7e-m+dp/hard\libc_nano.a(libc_a-init.o)
__init_array_start                                E:/STM32CubeIDE_1.18.1/STM32CubeIDE/plugins/com.st.stm32cube.ide.mcu.externaltools.gnu-tools-for-stm32.13.3.rel1.win32_1.0.0.202411081344/tools/bin/../lib/gcc/arm-none-eabi/13.3.1/../../../../arm-none-eabi/lib/thumb/v7e-m+dp/hard\libc_nano.a(libc_a-init.o)
__io_getchar                                      syscalls.o
__io_putchar                                      syscalls.o
__libc_fini_array                                 E:/STM32CubeIDE_1.18.1/STM32CubeIDE/plugins/com.st.stm32cube.ide.mcu.externaltools.gnu-tools-for-stm32.13.3.rel1.win32_1.0.0.202411081344/tools/bin/../lib/gcc/arm-none-eabi/13.3.1/../../../../arm-none-eabi/lib/thumb/v7e-m+dp/hard/crt0.o
__libc_init_array                                 E:/STM32CubeIDE_1.18.1/STM32CubeIDE/plugins/com.st.stm32cube.ide.mcu.externaltools.gnu-tools-for-stm32.13.3.rel1.win32_1.0.0.202411081344/tools/bin/../lib/gcc/arm-none-eabi/13.3.1/../../../../arm-none-eabi/lib/thumb/v7e-m+dp/hard\libc_nano.a(libc_a-init.o)
                                                  startup_stm32xx.o
                                                  E:/STM32CubeIDE_1.18.1/STM32CubeIDE/plugins/com.st.stm32cube.ide.mcu.externaltools.gnu-tools-for-stm32.13.3.rel1.win32_1.0.0.202411081344/tools/bin/../lib/gcc/arm-none-eabi/13.3.1/../../../../arm-none-eabi/lib/thumb/v7e-m+dp/hard/crt0.o
__lock___arc4random_mutex                         E:/STM32CubeIDE_1.18.1/STM32CubeIDE/plugins/com.st.stm32cube.ide.mcu.externaltools.gnu-tools-for-stm32.13.3.rel1.win32_1.0.0.202411081344/tools/bin/../lib/gcc/arm-none-eabi/13.3.1/../../../../arm-none-eabi/lib/thumb/v7e-m+dp/hard\libc_nano.a(libc_a-lock.o)
__lock___at_quick_exit_mutex                      E:/STM32CubeIDE_1.18.1/STM32CubeIDE/plugins/com.st.stm32cube.ide.mcu.externaltools.gnu-tools-for-stm32.13.3.rel1.win32_1.0.0.202411081344/tools/bin/../lib/gcc/arm-none-eabi/13.3.1/../../../../arm-none-eabi/lib/thumb/v7e-m+dp/hard\libc_nano.a(libc_a-lock.o)
__lock___atexit_recursive_mutex                   E:/STM32CubeIDE_1.18.1/STM32CubeIDE/plugins/com.st.stm32cube.ide.mcu.externaltools.gnu-tools-for-stm32.13.3.rel1.win32_1.0.0.202411081344/tools/bin/../lib/gcc/arm-none-eabi/13.3.1/../../../../arm-none-eabi/lib/thumb/v7e-m+dp/hard\libc_nano.a(libc_a-lock.o)
__lock___dd_hash_mutex                            E:/STM32CubeIDE_1.18.1/STM32CubeIDE/plugins/com.st.stm32cube.ide.mcu.externaltools.gnu-tools-for-stm32.13.3.rel1.win32_1.0.0.202411081344/tools/bin/../lib/gcc/arm-none-eabi/13.3.1/../../../../arm-none-eabi/lib/thumb/v7e-m+dp/hard\libc_nano.a(libc_a-lock.o)
__lock___env_recursive_mutex                      E:/STM32CubeIDE_1.18.1/STM32CubeIDE/plugins/com.st.stm32cube.ide.mcu.externaltools.gnu-tools-for-stm32.13.3.rel1.win32_1.0.0.202411081344/tools/bin/../lib/gcc/arm-none-eabi/13.3.1/../../../../arm-none-eabi/lib/thumb/v7e-m+dp/hard\libc_nano.a(libc_a-lock.o)
__lock___malloc_recursive_mutex                   E:/STM32CubeIDE_1.18.1/STM32CubeIDE/plugins/com.st.stm32cube.ide.mcu.externaltools.gnu-tools-for-stm32.13.3.rel1.win32_1.0.0.202411081344/tools/bin/../lib/gcc/arm-none-eabi/13.3.1/../../../../arm-none-eabi/lib/thumb/v7e-m+dp/hard\libc_nano.a(libc_a-lock.o)
                                                  E:/STM32CubeIDE_1.18.1/STM32CubeIDE/plugins/com.st.stm32cube.ide.mcu.externaltools.gnu-tools-for-stm32.13.3.rel1.win32_1.0.0.202411081344/tools/bin/../lib/gcc/arm-none-eabi/13.3.1/../../../../arm-none-eabi/lib/thumb/v7e-m+dp/hard\libc_nano.a(libc_a-mlock.o)
__lock___sfp_recursive_mutex                      E:/STM32CubeIDE_1.18.1/STM32CubeIDE/plugins/com.st.stm32cube.ide.mcu.externaltools.gnu-tools-for-stm32.13.3.rel1.win32_1.0.0.202411081344/tools/bin/../lib/gcc/arm-none-eabi/13.3.1/../../../../arm-none-eabi/lib/thumb/v7e-m+dp/hard\libc_nano.a(libc_a-lock.o)
                                                  E:/STM32CubeIDE_1.18.1/STM32CubeIDE/plugins/com.st.stm32cube.ide.mcu.externaltools.gnu-tools-for-stm32.13.3.rel1.win32_1.0.0.202411081344/tools/bin/../lib/gcc/arm-none-eabi/13.3.1/../../../../arm-none-eabi/lib/thumb/v7e-m+dp/hard\libc_nano.a(libc_a-findfp.o)
__lock___tz_mutex                                 E:/STM32CubeIDE_1.18.1/STM32CubeIDE/plugins/com.st.stm32cube.ide.mcu.externaltools.gnu-tools-for-stm32.13.3.rel1.win32_1.0.0.202411081344/tools/bin/../lib/gcc/arm-none-eabi/13.3.1/../../../../arm-none-eabi/lib/thumb/v7e-m+dp/hard\libc_nano.a(libc_a-lock.o)
__malloc_free_list                                E:/STM32CubeIDE_1.18.1/STM32CubeIDE/plugins/com.st.stm32cube.ide.mcu.externaltools.gnu-tools-for-stm32.13.3.rel1.win32_1.0.0.202411081344/tools/bin/../lib/gcc/arm-none-eabi/13.3.1/../../../../arm-none-eabi/lib/thumb/v7e-m+dp/hard\libc_nano.a(libc_a-mallocr.o)
                                                  E:/STM32CubeIDE_1.18.1/STM32CubeIDE/plugins/com.st.stm32cube.ide.mcu.externaltools.gnu-tools-for-stm32.13.3.rel1.win32_1.0.0.202411081344/tools/bin/../lib/gcc/arm-none-eabi/13.3.1/../../../../arm-none-eabi/lib/thumb/v7e-m+dp/hard\libc_nano.a(libc_a-freer.o)
__malloc_lock                                     E:/STM32CubeIDE_1.18.1/STM32CubeIDE/plugins/com.st.stm32cube.ide.mcu.externaltools.gnu-tools-for-stm32.13.3.rel1.win32_1.0.0.202411081344/tools/bin/../lib/gcc/arm-none-eabi/13.3.1/../../../../arm-none-eabi/lib/thumb/v7e-m+dp/hard\libc_nano.a(libc_a-mlock.o)
                                                  E:/STM32CubeIDE_1.18.1/STM32CubeIDE/plugins/com.st.stm32cube.ide.mcu.externaltools.gnu-tools-for-stm32.13.3.rel1.win32_1.0.0.202411081344/tools/bin/../lib/gcc/arm-none-eabi/13.3.1/../../../../arm-none-eabi/lib/thumb/v7e-m+dp/hard\libc_nano.a(libc_a-freer.o)
                                                  E:/STM32CubeIDE_1.18.1/STM32CubeIDE/plugins/com.st.stm32cube.ide.mcu.externaltools.gnu-tools-for-stm32.13.3.rel1.win32_1.0.0.202411081344/tools/bin/../lib/gcc/arm-none-eabi/13.3.1/../../../../arm-none-eabi/lib/thumb/v7e-m+dp/hard\libc_nano.a(libc_a-mallocr.o)
__malloc_sbrk_start                               E:/STM32CubeIDE_1.18.1/STM32CubeIDE/plugins/com.st.stm32cube.ide.mcu.externaltools.gnu-tools-for-stm32.13.3.rel1.win32_1.0.0.202411081344/tools/bin/../lib/gcc/arm-none-eabi/13.3.1/../../../../arm-none-eabi/lib/thumb/v7e-m+dp/hard\libc_nano.a(libc_a-mallocr.o)
__malloc_unlock                                   E:/STM32CubeIDE_1.18.1/STM32CubeIDE/plugins/com.st.stm32cube.ide.mcu.externaltools.gnu-tools-for-stm32.13.3.rel1.win32_1.0.0.202411081344/tools/bin/../lib/gcc/arm-none-eabi/13.3.1/../../../../arm-none-eabi/lib/thumb/v7e-m+dp/hard\libc_nano.a(libc_a-mlock.o)
                                                  E:/STM32CubeIDE_1.18.1/STM32CubeIDE/plugins/com.st.stm32cube.ide.mcu.externaltools.gnu-tools-for-stm32.13.3.rel1.win32_1.0.0.202411081344/tools/bin/../lib/gcc/arm-none-eabi/13.3.1/../../../../arm-none-eabi/lib/thumb/v7e-m+dp/hard\libc_nano.a(libc_a-freer.o)
                                                  E:/STM32CubeIDE_1.18.1/STM32CubeIDE/plugins/com.st.stm32cube.ide.mcu.externaltools.gnu-tools-for-stm32.13.3.rel1.win32_1.0.0.202411081344/tools/bin/../lib/gcc/arm-none-eabi/13.3.1/../../../../arm-none-eabi/lib/thumb/v7e-m+dp/hard\libc_nano.a(libc_a-mallocr.o)
__preinit_array_end                               E:/STM32CubeIDE_1.18.1/STM32CubeIDE/plugins/com.st.stm32cube.ide.mcu.externaltools.gnu-tools-for-stm32.13.3.rel1.win32_1.0.0.202411081344/tools/bin/../lib/gcc/arm-none-eabi/13.3.1/../../../../arm-none-eabi/lib/thumb/v7e-m+dp/hard\libc_nano.a(libc_a-init.o)
__preinit_array_start                             E:/STM32CubeIDE_1.18.1/STM32CubeIDE/plugins/com.st.stm32cube.ide.mcu.externaltools.gnu-tools-for-stm32.13.3.rel1.win32_1.0.0.202411081344/tools/bin/../lib/gcc/arm-none-eabi/13.3.1/../../../../arm-none-eabi/lib/thumb/v7e-m+dp/hard\libc_nano.a(libc_a-init.o)
__register_frame_info                             E:/STM32CubeIDE_1.18.1/STM32CubeIDE/plugins/com.st.stm32cube.ide.mcu.externaltools.gnu-tools-for-stm32.13.3.rel1.win32_1.0.0.202411081344/tools/bin/../lib/gcc/arm-none-eabi/13.3.1/thumb/v7e-m+dp/hard/crtbegin.o
__retarget_lock_acquire                           E:/STM32CubeIDE_1.18.1/STM32CubeIDE/plugins/com.st.stm32cube.ide.mcu.externaltools.gnu-tools-for-stm32.13.3.rel1.win32_1.0.0.202411081344/tools/bin/../lib/gcc/arm-none-eabi/13.3.1/../../../../arm-none-eabi/lib/thumb/v7e-m+dp/hard\libc_nano.a(libc_a-lock.o)
__retarget_lock_acquire_recursive                 E:/STM32CubeIDE_1.18.1/STM32CubeIDE/plugins/com.st.stm32cube.ide.mcu.externaltools.gnu-tools-for-stm32.13.3.rel1.win32_1.0.0.202411081344/tools/bin/../lib/gcc/arm-none-eabi/13.3.1/../../../../arm-none-eabi/lib/thumb/v7e-m+dp/hard\libc_nano.a(libc_a-lock.o)
                                                  E:/STM32CubeIDE_1.18.1/STM32CubeIDE/plugins/com.st.stm32cube.ide.mcu.externaltools.gnu-tools-for-stm32.13.3.rel1.win32_1.0.0.202411081344/tools/bin/../lib/gcc/arm-none-eabi/13.3.1/../../../../arm-none-eabi/lib/thumb/v7e-m+dp/hard\libc_nano.a(libc_a-fflush.o)
                                                  E:/STM32CubeIDE_1.18.1/STM32CubeIDE/plugins/com.st.stm32cube.ide.mcu.externaltools.gnu-tools-for-stm32.13.3.rel1.win32_1.0.0.202411081344/tools/bin/../lib/gcc/arm-none-eabi/13.3.1/../../../../arm-none-eabi/lib/thumb/v7e-m+dp/hard\libc_nano.a(libc_a-findfp.o)
                                                  E:/STM32CubeIDE_1.18.1/STM32CubeIDE/plugins/com.st.stm32cube.ide.mcu.externaltools.gnu-tools-for-stm32.13.3.rel1.win32_1.0.0.202411081344/tools/bin/../lib/gcc/arm-none-eabi/13.3.1/../../../../arm-none-eabi/lib/thumb/v7e-m+dp/hard\libc_nano.a(libc_a-mlock.o)
__retarget_lock_close                             E:/STM32CubeIDE_1.18.1/STM32CubeIDE/plugins/com.st.stm32cube.ide.mcu.externaltools.gnu-tools-for-stm32.13.3.rel1.win32_1.0.0.202411081344/tools/bin/../lib/gcc/arm-none-eabi/13.3.1/../../../../arm-none-eabi/lib/thumb/v7e-m+dp/hard\libc_nano.a(libc_a-lock.o)
__retarget_lock_close_recursive                   E:/STM32CubeIDE_1.18.1/STM32CubeIDE/plugins/com.st.stm32cube.ide.mcu.externaltools.gnu-tools-for-stm32.13.3.rel1.win32_1.0.0.202411081344/tools/bin/../lib/gcc/arm-none-eabi/13.3.1/../../../../arm-none-eabi/lib/thumb/v7e-m+dp/hard\libc_nano.a(libc_a-lock.o)
__retarget_lock_init                              E:/STM32CubeIDE_1.18.1/STM32CubeIDE/plugins/com.st.stm32cube.ide.mcu.externaltools.gnu-tools-for-stm32.13.3.rel1.win32_1.0.0.202411081344/tools/bin/../lib/gcc/arm-none-eabi/13.3.1/../../../../arm-none-eabi/lib/thumb/v7e-m+dp/hard\libc_nano.a(libc_a-lock.o)
__retarget_lock_init_recursive                    E:/STM32CubeIDE_1.18.1/STM32CubeIDE/plugins/com.st.stm32cube.ide.mcu.externaltools.gnu-tools-for-stm32.13.3.rel1.win32_1.0.0.202411081344/tools/bin/../lib/gcc/arm-none-eabi/13.3.1/../../../../arm-none-eabi/lib/thumb/v7e-m+dp/hard\libc_nano.a(libc_a-lock.o)
                                                  E:/STM32CubeIDE_1.18.1/STM32CubeIDE/plugins/com.st.stm32cube.ide.mcu.externaltools.gnu-tools-for-stm32.13.3.rel1.win32_1.0.0.202411081344/tools/bin/../lib/gcc/arm-none-eabi/13.3.1/../../../../arm-none-eabi/lib/thumb/v7e-m+dp/hard\libc_nano.a(libc_a-findfp.o)
__retarget_lock_release                           E:/STM32CubeIDE_1.18.1/STM32CubeIDE/plugins/com.st.stm32cube.ide.mcu.externaltools.gnu-tools-for-stm32.13.3.rel1.win32_1.0.0.202411081344/tools/bin/../lib/gcc/arm-none-eabi/13.3.1/../../../../arm-none-eabi/lib/thumb/v7e-m+dp/hard\libc_nano.a(libc_a-lock.o)
__retarget_lock_release_recursive                 E:/STM32CubeIDE_1.18.1/STM32CubeIDE/plugins/com.st.stm32cube.ide.mcu.externaltools.gnu-tools-for-stm32.13.3.rel1.win32_1.0.0.202411081344/tools/bin/../lib/gcc/arm-none-eabi/13.3.1/../../../../arm-none-eabi/lib/thumb/v7e-m+dp/hard\libc_nano.a(libc_a-lock.o)
                                                  E:/STM32CubeIDE_1.18.1/STM32CubeIDE/plugins/com.st.stm32cube.ide.mcu.externaltools.gnu-tools-for-stm32.13.3.rel1.win32_1.0.0.202411081344/tools/bin/../lib/gcc/arm-none-eabi/13.3.1/../../../../arm-none-eabi/lib/thumb/v7e-m+dp/hard\libc_nano.a(libc_a-fflush.o)
                                                  E:/STM32CubeIDE_1.18.1/STM32CubeIDE/plugins/com.st.stm32cube.ide.mcu.externaltools.gnu-tools-for-stm32.13.3.rel1.win32_1.0.0.202411081344/tools/bin/../lib/gcc/arm-none-eabi/13.3.1/../../../../arm-none-eabi/lib/thumb/v7e-m+dp/hard\libc_nano.a(libc_a-findfp.o)
                                                  E:/STM32CubeIDE_1.18.1/STM32CubeIDE/plugins/com.st.stm32cube.ide.mcu.externaltools.gnu-tools-for-stm32.13.3.rel1.win32_1.0.0.202411081344/tools/bin/../lib/gcc/arm-none-eabi/13.3.1/../../../../arm-none-eabi/lib/thumb/v7e-m+dp/hard\libc_nano.a(libc_a-mlock.o)
__retarget_lock_try_acquire                       E:/STM32CubeIDE_1.18.1/STM32CubeIDE/plugins/com.st.stm32cube.ide.mcu.externaltools.gnu-tools-for-stm32.13.3.rel1.win32_1.0.0.202411081344/tools/bin/../lib/gcc/arm-none-eabi/13.3.1/../../../../arm-none-eabi/lib/thumb/v7e-m+dp/hard\libc_nano.a(libc_a-lock.o)
__retarget_lock_try_acquire_recursive             E:/STM32CubeIDE_1.18.1/STM32CubeIDE/plugins/com.st.stm32cube.ide.mcu.externaltools.gnu-tools-for-stm32.13.3.rel1.win32_1.0.0.202411081344/tools/bin/../lib/gcc/arm-none-eabi/13.3.1/../../../../arm-none-eabi/lib/thumb/v7e-m+dp/hard\libc_nano.a(libc_a-lock.o)
__sclose                                          E:/STM32CubeIDE_1.18.1/STM32CubeIDE/plugins/com.st.stm32cube.ide.mcu.externaltools.gnu-tools-for-stm32.13.3.rel1.win32_1.0.0.202411081344/tools/bin/../lib/gcc/arm-none-eabi/13.3.1/../../../../arm-none-eabi/lib/thumb/v7e-m+dp/hard\libc_nano.a(libc_a-stdio.o)
                                                  E:/STM32CubeIDE_1.18.1/STM32CubeIDE/plugins/com.st.stm32cube.ide.mcu.externaltools.gnu-tools-for-stm32.13.3.rel1.win32_1.0.0.202411081344/tools/bin/../lib/gcc/arm-none-eabi/13.3.1/../../../../arm-none-eabi/lib/thumb/v7e-m+dp/hard\libc_nano.a(libc_a-findfp.o)
__seofread                                        E:/STM32CubeIDE_1.18.1/STM32CubeIDE/plugins/com.st.stm32cube.ide.mcu.externaltools.gnu-tools-for-stm32.13.3.rel1.win32_1.0.0.202411081344/tools/bin/../lib/gcc/arm-none-eabi/13.3.1/../../../../arm-none-eabi/lib/thumb/v7e-m+dp/hard\libc_nano.a(libc_a-stdio.o)
__sf                                              E:/STM32CubeIDE_1.18.1/STM32CubeIDE/plugins/com.st.stm32cube.ide.mcu.externaltools.gnu-tools-for-stm32.13.3.rel1.win32_1.0.0.202411081344/tools/bin/../lib/gcc/arm-none-eabi/13.3.1/../../../../arm-none-eabi/lib/thumb/v7e-m+dp/hard\libc_nano.a(libc_a-findfp.o)
                                                  E:/STM32CubeIDE_1.18.1/STM32CubeIDE/plugins/com.st.stm32cube.ide.mcu.externaltools.gnu-tools-for-stm32.13.3.rel1.win32_1.0.0.202411081344/tools/bin/../lib/gcc/arm-none-eabi/13.3.1/../../../../arm-none-eabi/lib/thumb/v7e-m+dp/hard\libc_nano.a(libc_a-impure.o)
__sflush_r                                        E:/STM32CubeIDE_1.18.1/STM32CubeIDE/plugins/com.st.stm32cube.ide.mcu.externaltools.gnu-tools-for-stm32.13.3.rel1.win32_1.0.0.202411081344/tools/bin/../lib/gcc/arm-none-eabi/13.3.1/../../../../arm-none-eabi/lib/thumb/v7e-m+dp/hard\libc_nano.a(libc_a-fflush.o)
__sfp                                             E:/STM32CubeIDE_1.18.1/STM32CubeIDE/plugins/com.st.stm32cube.ide.mcu.externaltools.gnu-tools-for-stm32.13.3.rel1.win32_1.0.0.202411081344/tools/bin/../lib/gcc/arm-none-eabi/13.3.1/../../../../arm-none-eabi/lib/thumb/v7e-m+dp/hard\libc_nano.a(libc_a-findfp.o)
__sfp_lock_acquire                                E:/STM32CubeIDE_1.18.1/STM32CubeIDE/plugins/com.st.stm32cube.ide.mcu.externaltools.gnu-tools-for-stm32.13.3.rel1.win32_1.0.0.202411081344/tools/bin/../lib/gcc/arm-none-eabi/13.3.1/../../../../arm-none-eabi/lib/thumb/v7e-m+dp/hard\libc_nano.a(libc_a-findfp.o)
__sfp_lock_release                                E:/STM32CubeIDE_1.18.1/STM32CubeIDE/plugins/com.st.stm32cube.ide.mcu.externaltools.gnu-tools-for-stm32.13.3.rel1.win32_1.0.0.202411081344/tools/bin/../lib/gcc/arm-none-eabi/13.3.1/../../../../arm-none-eabi/lib/thumb/v7e-m+dp/hard\libc_nano.a(libc_a-findfp.o)
__sglue                                           E:/STM32CubeIDE_1.18.1/STM32CubeIDE/plugins/com.st.stm32cube.ide.mcu.externaltools.gnu-tools-for-stm32.13.3.rel1.win32_1.0.0.202411081344/tools/bin/../lib/gcc/arm-none-eabi/13.3.1/../../../../arm-none-eabi/lib/thumb/v7e-m+dp/hard\libc_nano.a(libc_a-findfp.o)
                                                  E:/STM32CubeIDE_1.18.1/STM32CubeIDE/plugins/com.st.stm32cube.ide.mcu.externaltools.gnu-tools-for-stm32.13.3.rel1.win32_1.0.0.202411081344/tools/bin/../lib/gcc/arm-none-eabi/13.3.1/../../../../arm-none-eabi/lib/thumb/v7e-m+dp/hard\libc_nano.a(libc_a-fflush.o)
__sinit                                           E:/STM32CubeIDE_1.18.1/STM32CubeIDE/plugins/com.st.stm32cube.ide.mcu.externaltools.gnu-tools-for-stm32.13.3.rel1.win32_1.0.0.202411081344/tools/bin/../lib/gcc/arm-none-eabi/13.3.1/../../../../arm-none-eabi/lib/thumb/v7e-m+dp/hard\libc_nano.a(libc_a-findfp.o)
                                                  E:/STM32CubeIDE_1.18.1/STM32CubeIDE/plugins/com.st.stm32cube.ide.mcu.externaltools.gnu-tools-for-stm32.13.3.rel1.win32_1.0.0.202411081344/tools/bin/../lib/gcc/arm-none-eabi/13.3.1/../../../../arm-none-eabi/lib/thumb/v7e-m+dp/hard\libc_nano.a(libc_a-fflush.o)
__sread                                           E:/STM32CubeIDE_1.18.1/STM32CubeIDE/plugins/com.st.stm32cube.ide.mcu.externaltools.gnu-tools-for-stm32.13.3.rel1.win32_1.0.0.202411081344/tools/bin/../lib/gcc/arm-none-eabi/13.3.1/../../../../arm-none-eabi/lib/thumb/v7e-m+dp/hard\libc_nano.a(libc_a-stdio.o)
                                                  E:/STM32CubeIDE_1.18.1/STM32CubeIDE/plugins/com.st.stm32cube.ide.mcu.externaltools.gnu-tools-for-stm32.13.3.rel1.win32_1.0.0.202411081344/tools/bin/../lib/gcc/arm-none-eabi/13.3.1/../../../../arm-none-eabi/lib/thumb/v7e-m+dp/hard\libc_nano.a(libc_a-findfp.o)
__sseek                                           E:/STM32CubeIDE_1.18.1/STM32CubeIDE/plugins/com.st.stm32cube.ide.mcu.externaltools.gnu-tools-for-stm32.13.3.rel1.win32_1.0.0.202411081344/tools/bin/../lib/gcc/arm-none-eabi/13.3.1/../../../../arm-none-eabi/lib/thumb/v7e-m+dp/hard\libc_nano.a(libc_a-stdio.o)
                                                  E:/STM32CubeIDE_1.18.1/STM32CubeIDE/plugins/com.st.stm32cube.ide.mcu.externaltools.gnu-tools-for-stm32.13.3.rel1.win32_1.0.0.202411081344/tools/bin/../lib/gcc/arm-none-eabi/13.3.1/../../../../arm-none-eabi/lib/thumb/v7e-m+dp/hard\libc_nano.a(libc_a-findfp.o)
__stack                                           E:/STM32CubeIDE_1.18.1/STM32CubeIDE/plugins/com.st.stm32cube.ide.mcu.externaltools.gnu-tools-for-stm32.13.3.rel1.win32_1.0.0.202411081344/tools/bin/../lib/gcc/arm-none-eabi/13.3.1/../../../../arm-none-eabi/lib/thumb/v7e-m+dp/hard/crt0.o
__stdio_exit_handler                              E:/STM32CubeIDE_1.18.1/STM32CubeIDE/plugins/com.st.stm32cube.ide.mcu.externaltools.gnu-tools-for-stm32.13.3.rel1.win32_1.0.0.202411081344/tools/bin/../lib/gcc/arm-none-eabi/13.3.1/../../../../arm-none-eabi/lib/thumb/v7e-m+dp/hard\libc_nano.a(libc_a-findfp.o)
                                                  E:/STM32CubeIDE_1.18.1/STM32CubeIDE/plugins/com.st.stm32cube.ide.mcu.externaltools.gnu-tools-for-stm32.13.3.rel1.win32_1.0.0.202411081344/tools/bin/../lib/gcc/arm-none-eabi/13.3.1/../../../../arm-none-eabi/lib/thumb/v7e-m+dp/hard\libc_nano.a(libc_a-exit.o)
__swrite                                          E:/STM32CubeIDE_1.18.1/STM32CubeIDE/plugins/com.st.stm32cube.ide.mcu.externaltools.gnu-tools-for-stm32.13.3.rel1.win32_1.0.0.202411081344/tools/bin/../lib/gcc/arm-none-eabi/13.3.1/../../../../arm-none-eabi/lib/thumb/v7e-m+dp/hard\libc_nano.a(libc_a-stdio.o)
                                                  E:/STM32CubeIDE_1.18.1/STM32CubeIDE/plugins/com.st.stm32cube.ide.mcu.externaltools.gnu-tools-for-stm32.13.3.rel1.win32_1.0.0.202411081344/tools/bin/../lib/gcc/arm-none-eabi/13.3.1/../../../../arm-none-eabi/lib/thumb/v7e-m+dp/hard\libc_nano.a(libc_a-findfp.o)
_close                                            syscalls.o
                                                  E:/STM32CubeIDE_1.18.1/STM32CubeIDE/plugins/com.st.stm32cube.ide.mcu.externaltools.gnu-tools-for-stm32.13.3.rel1.win32_1.0.0.202411081344/tools/bin/../lib/gcc/arm-none-eabi/13.3.1/../../../../arm-none-eabi/lib/thumb/v7e-m+dp/hard\libc_nano.a(libc_a-closer.o)
_close_r                                          E:/STM32CubeIDE_1.18.1/STM32CubeIDE/plugins/com.st.stm32cube.ide.mcu.externaltools.gnu-tools-for-stm32.13.3.rel1.win32_1.0.0.202411081344/tools/bin/../lib/gcc/arm-none-eabi/13.3.1/../../../../arm-none-eabi/lib/thumb/v7e-m+dp/hard\libc_nano.a(libc_a-closer.o)
                                                  E:/STM32CubeIDE_1.18.1/STM32CubeIDE/plugins/com.st.stm32cube.ide.mcu.externaltools.gnu-tools-for-stm32.13.3.rel1.win32_1.0.0.202411081344/tools/bin/../lib/gcc/arm-none-eabi/13.3.1/../../../../arm-none-eabi/lib/thumb/v7e-m+dp/hard\libc_nano.a(libc_a-stdio.o)
_ebss                                             startup_stm32xx.o
_edata                                            startup_stm32xx.o
_end                                              sysmem.o
_estack                                           sysmem.o
                                                  startup_stm32xx.o
_execve                                           syscalls.o
_exit                                             syscalls.o
                                                  E:/STM32CubeIDE_1.18.1/STM32CubeIDE/plugins/com.st.stm32cube.ide.mcu.externaltools.gnu-tools-for-stm32.13.3.rel1.win32_1.0.0.202411081344/tools/bin/../lib/gcc/arm-none-eabi/13.3.1/../../../../arm-none-eabi/lib/thumb/v7e-m+dp/hard\libc_nano.a(libc_a-exit.o)
_fflush_r                                         E:/STM32CubeIDE_1.18.1/STM32CubeIDE/plugins/com.st.stm32cube.ide.mcu.externaltools.gnu-tools-for-stm32.13.3.rel1.win32_1.0.0.202411081344/tools/bin/../lib/gcc/arm-none-eabi/13.3.1/../../../../arm-none-eabi/lib/thumb/v7e-m+dp/hard\libc_nano.a(libc_a-fflush.o)
                                                  E:/STM32CubeIDE_1.18.1/STM32CubeIDE/plugins/com.st.stm32cube.ide.mcu.externaltools.gnu-tools-for-stm32.13.3.rel1.win32_1.0.0.202411081344/tools/bin/../lib/gcc/arm-none-eabi/13.3.1/../../../../arm-none-eabi/lib/thumb/v7e-m+dp/hard\libc_nano.a(libc_a-findfp.o)
_fini                                             E:/STM32CubeIDE_1.18.1/STM32CubeIDE/plugins/com.st.stm32cube.ide.mcu.externaltools.gnu-tools-for-stm32.13.3.rel1.win32_1.0.0.202411081344/tools/bin/../lib/gcc/arm-none-eabi/13.3.1/thumb/v7e-m+dp/hard/crti.o
_fork                                             syscalls.o
_free_r                                           E:/STM32CubeIDE_1.18.1/STM32CubeIDE/plugins/com.st.stm32cube.ide.mcu.externaltools.gnu-tools-for-stm32.13.3.rel1.win32_1.0.0.202411081344/tools/bin/../lib/gcc/arm-none-eabi/13.3.1/../../../../arm-none-eabi/lib/thumb/v7e-m+dp/hard\libc_nano.a(libc_a-freer.o)
                                                  E:/STM32CubeIDE_1.18.1/STM32CubeIDE/plugins/com.st.stm32cube.ide.mcu.externaltools.gnu-tools-for-stm32.13.3.rel1.win32_1.0.0.202411081344/tools/bin/../lib/gcc/arm-none-eabi/13.3.1/../../../../arm-none-eabi/lib/thumb/v7e-m+dp/hard\libc_nano.a(libc_a-fflush.o)
                                                  E:/STM32CubeIDE_1.18.1/STM32CubeIDE/plugins/com.st.stm32cube.ide.mcu.externaltools.gnu-tools-for-stm32.13.3.rel1.win32_1.0.0.202411081344/tools/bin/../lib/gcc/arm-none-eabi/13.3.1/../../../../arm-none-eabi/lib/thumb/v7e-m+dp/hard\libc_nano.a(libc_a-reent.o)
                                                  E:/STM32CubeIDE_1.18.1/STM32CubeIDE/plugins/com.st.stm32cube.ide.mcu.externaltools.gnu-tools-for-stm32.13.3.rel1.win32_1.0.0.202411081344/tools/bin/../lib/gcc/arm-none-eabi/13.3.1/../../../../arm-none-eabi/lib/thumb/v7e-m+dp/hard\libc_nano.a(libc_a-reallocr.o)
                                                  E:/STM32CubeIDE_1.18.1/STM32CubeIDE/plugins/com.st.stm32cube.ide.mcu.externaltools.gnu-tools-for-stm32.13.3.rel1.win32_1.0.0.202411081344/tools/bin/../lib/gcc/arm-none-eabi/13.3.1/../../../../arm-none-eabi/lib/thumb/v7e-m+dp/hard\libc_nano.a(libc_a-malloc.o)
_fstat                                            syscalls.o
_fwalk_sglue                                      E:/STM32CubeIDE_1.18.1/STM32CubeIDE/plugins/com.st.stm32cube.ide.mcu.externaltools.gnu-tools-for-stm32.13.3.rel1.win32_1.0.0.202411081344/tools/bin/../lib/gcc/arm-none-eabi/13.3.1/../../../../arm-none-eabi/lib/thumb/v7e-m+dp/hard\libc_nano.a(libc_a-fwalk.o)
                                                  E:/STM32CubeIDE_1.18.1/STM32CubeIDE/plugins/com.st.stm32cube.ide.mcu.externaltools.gnu-tools-for-stm32.13.3.rel1.win32_1.0.0.202411081344/tools/bin/../lib/gcc/arm-none-eabi/13.3.1/../../../../arm-none-eabi/lib/thumb/v7e-m+dp/hard\libc_nano.a(libc_a-fflush.o)
                                                  E:/STM32CubeIDE_1.18.1/STM32CubeIDE/plugins/com.st.stm32cube.ide.mcu.externaltools.gnu-tools-for-stm32.13.3.rel1.win32_1.0.0.202411081344/tools/bin/../lib/gcc/arm-none-eabi/13.3.1/../../../../arm-none-eabi/lib/thumb/v7e-m+dp/hard\libc_nano.a(libc_a-findfp.o)
_getpid                                           syscalls.o
_impure_data                                      E:/STM32CubeIDE_1.18.1/STM32CubeIDE/plugins/com.st.stm32cube.ide.mcu.externaltools.gnu-tools-for-stm32.13.3.rel1.win32_1.0.0.202411081344/tools/bin/../lib/gcc/arm-none-eabi/13.3.1/../../../../arm-none-eabi/lib/thumb/v7e-m+dp/hard\libc_nano.a(libc_a-impure.o)
                                                  E:/STM32CubeIDE_1.18.1/STM32CubeIDE/plugins/com.st.stm32cube.ide.mcu.externaltools.gnu-tools-for-stm32.13.3.rel1.win32_1.0.0.202411081344/tools/bin/../lib/gcc/arm-none-eabi/13.3.1/../../../../arm-none-eabi/lib/thumb/v7e-m+dp/hard\libc_nano.a(libc_a-fflush.o)
                                                  E:/STM32CubeIDE_1.18.1/STM32CubeIDE/plugins/com.st.stm32cube.ide.mcu.externaltools.gnu-tools-for-stm32.13.3.rel1.win32_1.0.0.202411081344/tools/bin/../lib/gcc/arm-none-eabi/13.3.1/../../../../arm-none-eabi/lib/thumb/v7e-m+dp/hard\libc_nano.a(libc_a-findfp.o)
_impure_ptr                                       E:/STM32CubeIDE_1.18.1/STM32CubeIDE/plugins/com.st.stm32cube.ide.mcu.externaltools.gnu-tools-for-stm32.13.3.rel1.win32_1.0.0.202411081344/tools/bin/../lib/gcc/arm-none-eabi/13.3.1/../../../../arm-none-eabi/lib/thumb/v7e-m+dp/hard\libc_nano.a(libc_a-impure.o)
                                                  E:/STM32CubeIDE_1.18.1/STM32CubeIDE/plugins/com.st.stm32cube.ide.mcu.externaltools.gnu-tools-for-stm32.13.3.rel1.win32_1.0.0.202411081344/tools/bin/../lib/gcc/arm-none-eabi/13.3.1/../../../../arm-none-eabi/lib/thumb/v7e-m+dp/hard\libc_nano.a(libc_a-fflush.o)
                                                  E:/STM32CubeIDE_1.18.1/STM32CubeIDE/plugins/com.st.stm32cube.ide.mcu.externaltools.gnu-tools-for-stm32.13.3.rel1.win32_1.0.0.202411081344/tools/bin/../lib/gcc/arm-none-eabi/13.3.1/../../../../arm-none-eabi/lib/thumb/v7e-m+dp/hard\libc_nano.a(libc_a-errno.o)
                                                  E:/STM32CubeIDE_1.18.1/STM32CubeIDE/plugins/com.st.stm32cube.ide.mcu.externaltools.gnu-tools-for-stm32.13.3.rel1.win32_1.0.0.202411081344/tools/bin/../lib/gcc/arm-none-eabi/13.3.1/../../../../arm-none-eabi/lib/thumb/v7e-m+dp/hard\libc_nano.a(libc_a-reent.o)
                                                  E:/STM32CubeIDE_1.18.1/STM32CubeIDE/plugins/com.st.stm32cube.ide.mcu.externaltools.gnu-tools-for-stm32.13.3.rel1.win32_1.0.0.202411081344/tools/bin/../lib/gcc/arm-none-eabi/13.3.1/../../../../arm-none-eabi/lib/thumb/v7e-m+dp/hard\libc_nano.a(libc_a-realloc.o)
                                                  E:/STM32CubeIDE_1.18.1/STM32CubeIDE/plugins/com.st.stm32cube.ide.mcu.externaltools.gnu-tools-for-stm32.13.3.rel1.win32_1.0.0.202411081344/tools/bin/../lib/gcc/arm-none-eabi/13.3.1/../../../../arm-none-eabi/lib/thumb/v7e-m+dp/hard\libc_nano.a(libc_a-malloc.o)
_init                                             E:/STM32CubeIDE_1.18.1/STM32CubeIDE/plugins/com.st.stm32cube.ide.mcu.externaltools.gnu-tools-for-stm32.13.3.rel1.win32_1.0.0.202411081344/tools/bin/../lib/gcc/arm-none-eabi/13.3.1/thumb/v7e-m+dp/hard/crti.o
                                                  E:/STM32CubeIDE_1.18.1/STM32CubeIDE/plugins/com.st.stm32cube.ide.mcu.externaltools.gnu-tools-for-stm32.13.3.rel1.win32_1.0.0.202411081344/tools/bin/../lib/gcc/arm-none-eabi/13.3.1/../../../../arm-none-eabi/lib/thumb/v7e-m+dp/hard\libc_nano.a(libc_a-init.o)
_isatty                                           syscalls.o
_kill                                             syscalls.o
_link                                             syscalls.o
_lite_kernel_nl_softmax_is8os8                    D:\ai_studio\ai_core\4.0\Middlewares\ST\AI\Lib\GCC\STM32H7\NetworkRuntime1201_CM7_GCC.a(lite_nl_softmax_is8os8.o)
                                                  D:\ai_studio\ai_core\4.0\Middlewares\ST\AI\Lib\GCC\STM32H7\NetworkRuntime1201_CM7_GCC.a(lite_nl_generic_integer.o)
_lite_kernel_nl_softmax_iu8ou8                    D:\ai_studio\ai_core\4.0\Middlewares\ST\AI\Lib\GCC\STM32H7\NetworkRuntime1201_CM7_GCC.a(lite_nl_softmax_iu8ou8.o)
                                                  D:\ai_studio\ai_core\4.0\Middlewares\ST\AI\Lib\GCC\STM32H7\NetworkRuntime1201_CM7_GCC.a(lite_nl_generic_integer.o)
_lseek                                            syscalls.o
                                                  E:/STM32CubeIDE_1.18.1/STM32CubeIDE/plugins/com.st.stm32cube.ide.mcu.externaltools.gnu-tools-for-stm32.13.3.rel1.win32_1.0.0.202411081344/tools/bin/../lib/gcc/arm-none-eabi/13.3.1/../../../../arm-none-eabi/lib/thumb/v7e-m+dp/hard\libc_nano.a(libc_a-lseekr.o)
_lseek_r                                          E:/STM32CubeIDE_1.18.1/STM32CubeIDE/plugins/com.st.stm32cube.ide.mcu.externaltools.gnu-tools-for-stm32.13.3.rel1.win32_1.0.0.202411081344/tools/bin/../lib/gcc/arm-none-eabi/13.3.1/../../../../arm-none-eabi/lib/thumb/v7e-m+dp/hard\libc_nano.a(libc_a-lseekr.o)
                                                  E:/STM32CubeIDE_1.18.1/STM32CubeIDE/plugins/com.st.stm32cube.ide.mcu.externaltools.gnu-tools-for-stm32.13.3.rel1.win32_1.0.0.202411081344/tools/bin/../lib/gcc/arm-none-eabi/13.3.1/../../../../arm-none-eabi/lib/thumb/v7e-m+dp/hard\libc_nano.a(libc_a-stdio.o)
_mainCRTStartup                                   E:/STM32CubeIDE_1.18.1/STM32CubeIDE/plugins/com.st.stm32cube.ide.mcu.externaltools.gnu-tools-for-stm32.13.3.rel1.win32_1.0.0.202411081344/tools/bin/../lib/gcc/arm-none-eabi/13.3.1/../../../../arm-none-eabi/lib/thumb/v7e-m+dp/hard/crt0.o
_malloc_r                                         E:/STM32CubeIDE_1.18.1/STM32CubeIDE/plugins/com.st.stm32cube.ide.mcu.externaltools.gnu-tools-for-stm32.13.3.rel1.win32_1.0.0.202411081344/tools/bin/../lib/gcc/arm-none-eabi/13.3.1/../../../../arm-none-eabi/lib/thumb/v7e-m+dp/hard\libc_nano.a(libc_a-mallocr.o)
                                                  E:/STM32CubeIDE_1.18.1/STM32CubeIDE/plugins/com.st.stm32cube.ide.mcu.externaltools.gnu-tools-for-stm32.13.3.rel1.win32_1.0.0.202411081344/tools/bin/../lib/gcc/arm-none-eabi/13.3.1/../../../../arm-none-eabi/lib/thumb/v7e-m+dp/hard\libc_nano.a(libc_a-findfp.o)
                                                  E:/STM32CubeIDE_1.18.1/STM32CubeIDE/plugins/com.st.stm32cube.ide.mcu.externaltools.gnu-tools-for-stm32.13.3.rel1.win32_1.0.0.202411081344/tools/bin/../lib/gcc/arm-none-eabi/13.3.1/../../../../arm-none-eabi/lib/thumb/v7e-m+dp/hard\libc_nano.a(libc_a-reallocr.o)
                                                  E:/STM32CubeIDE_1.18.1/STM32CubeIDE/plugins/com.st.stm32cube.ide.mcu.externaltools.gnu-tools-for-stm32.13.3.rel1.win32_1.0.0.202411081344/tools/bin/../lib/gcc/arm-none-eabi/13.3.1/../../../../arm-none-eabi/lib/thumb/v7e-m+dp/hard\libc_nano.a(libc_a-malloc.o)
_malloc_usable_size_r                             E:/STM32CubeIDE_1.18.1/STM32CubeIDE/plugins/com.st.stm32cube.ide.mcu.externaltools.gnu-tools-for-stm32.13.3.rel1.win32_1.0.0.202411081344/tools/bin/../lib/gcc/arm-none-eabi/13.3.1/../../../../arm-none-eabi/lib/thumb/v7e-m+dp/hard\libc_nano.a(libc_a-msizer.o)
                                                  E:/STM32CubeIDE_1.18.1/STM32CubeIDE/plugins/com.st.stm32cube.ide.mcu.externaltools.gnu-tools-for-stm32.13.3.rel1.win32_1.0.0.202411081344/tools/bin/../lib/gcc/arm-none-eabi/13.3.1/../../../../arm-none-eabi/lib/thumb/v7e-m+dp/hard\libc_nano.a(libc_a-reallocr.o)
_open                                             syscalls.o
_read                                             syscalls.o
                                                  E:/STM32CubeIDE_1.18.1/STM32CubeIDE/plugins/com.st.stm32cube.ide.mcu.externaltools.gnu-tools-for-stm32.13.3.rel1.win32_1.0.0.202411081344/tools/bin/../lib/gcc/arm-none-eabi/13.3.1/../../../../arm-none-eabi/lib/thumb/v7e-m+dp/hard\libc_nano.a(libc_a-readr.o)
_read_r                                           E:/STM32CubeIDE_1.18.1/STM32CubeIDE/plugins/com.st.stm32cube.ide.mcu.externaltools.gnu-tools-for-stm32.13.3.rel1.win32_1.0.0.202411081344/tools/bin/../lib/gcc/arm-none-eabi/13.3.1/../../../../arm-none-eabi/lib/thumb/v7e-m+dp/hard\libc_nano.a(libc_a-readr.o)
                                                  E:/STM32CubeIDE_1.18.1/STM32CubeIDE/plugins/com.st.stm32cube.ide.mcu.externaltools.gnu-tools-for-stm32.13.3.rel1.win32_1.0.0.202411081344/tools/bin/../lib/gcc/arm-none-eabi/13.3.1/../../../../arm-none-eabi/lib/thumb/v7e-m+dp/hard\libc_nano.a(libc_a-stdio.o)
_realloc_r                                        E:/STM32CubeIDE_1.18.1/STM32CubeIDE/plugins/com.st.stm32cube.ide.mcu.externaltools.gnu-tools-for-stm32.13.3.rel1.win32_1.0.0.202411081344/tools/bin/../lib/gcc/arm-none-eabi/13.3.1/../../../../arm-none-eabi/lib/thumb/v7e-m+dp/hard\libc_nano.a(libc_a-reallocr.o)
                                                  E:/STM32CubeIDE_1.18.1/STM32CubeIDE/plugins/com.st.stm32cube.ide.mcu.externaltools.gnu-tools-for-stm32.13.3.rel1.win32_1.0.0.202411081344/tools/bin/../lib/gcc/arm-none-eabi/13.3.1/../../../../arm-none-eabi/lib/thumb/v7e-m+dp/hard\libc_nano.a(libc_a-realloc.o)
_reclaim_reent                                    E:/STM32CubeIDE_1.18.1/STM32CubeIDE/plugins/com.st.stm32cube.ide.mcu.externaltools.gnu-tools-for-stm32.13.3.rel1.win32_1.0.0.202411081344/tools/bin/../lib/gcc/arm-none-eabi/13.3.1/../../../../arm-none-eabi/lib/thumb/v7e-m+dp/hard\libc_nano.a(libc_a-reent.o)
_sbrk                                             sysmem.o
                                                  E:/STM32CubeIDE_1.18.1/STM32CubeIDE/plugins/com.st.stm32cube.ide.mcu.externaltools.gnu-tools-for-stm32.13.3.rel1.win32_1.0.0.202411081344/tools/bin/../lib/gcc/arm-none-eabi/13.3.1/../../../../arm-none-eabi/lib/thumb/v7e-m+dp/hard\libc_nano.a(libc_a-sbrkr.o)
_sbrk_r                                           E:/STM32CubeIDE_1.18.1/STM32CubeIDE/plugins/com.st.stm32cube.ide.mcu.externaltools.gnu-tools-for-stm32.13.3.rel1.win32_1.0.0.202411081344/tools/bin/../lib/gcc/arm-none-eabi/13.3.1/../../../../arm-none-eabi/lib/thumb/v7e-m+dp/hard\libc_nano.a(libc_a-sbrkr.o)
                                                  E:/STM32CubeIDE_1.18.1/STM32CubeIDE/plugins/com.st.stm32cube.ide.mcu.externaltools.gnu-tools-for-stm32.13.3.rel1.win32_1.0.0.202411081344/tools/bin/../lib/gcc/arm-none-eabi/13.3.1/../../../../arm-none-eabi/lib/thumb/v7e-m+dp/hard\libc_nano.a(libc_a-mallocr.o)
_sbss                                             startup_stm32xx.o
_sdata                                            startup_stm32xx.o
_sidata                                           startup_stm32xx.o
_stack_init                                       E:/STM32CubeIDE_1.18.1/STM32CubeIDE/plugins/com.st.stm32cube.ide.mcu.externaltools.gnu-tools-for-stm32.13.3.rel1.win32_1.0.0.202411081344/tools/bin/../lib/gcc/arm-none-eabi/13.3.1/../../../../arm-none-eabi/lib/thumb/v7e-m+dp/hard/crt0.o
_start                                            E:/STM32CubeIDE_1.18.1/STM32CubeIDE/plugins/com.st.stm32cube.ide.mcu.externaltools.gnu-tools-for-stm32.13.3.rel1.win32_1.0.0.202411081344/tools/bin/../lib/gcc/arm-none-eabi/13.3.1/../../../../arm-none-eabi/lib/thumb/v7e-m+dp/hard/crt0.o
_stat                                             syscalls.o
_times                                            syscalls.o
_unlink                                           syscalls.o
_wait                                             syscalls.o
_write                                            syscalls.o
                                                  E:/STM32CubeIDE_1.18.1/STM32CubeIDE/plugins/com.st.stm32cube.ide.mcu.externaltools.gnu-tools-for-stm32.13.3.rel1.win32_1.0.0.202411081344/tools/bin/../lib/gcc/arm-none-eabi/13.3.1/../../../../arm-none-eabi/lib/thumb/v7e-m+dp/hard\libc_nano.a(libc_a-writer.o)
_write_r                                          E:/STM32CubeIDE_1.18.1/STM32CubeIDE/plugins/com.st.stm32cube.ide.mcu.externaltools.gnu-tools-for-stm32.13.3.rel1.win32_1.0.0.202411081344/tools/bin/../lib/gcc/arm-none-eabi/13.3.1/../../../../arm-none-eabi/lib/thumb/v7e-m+dp/hard\libc_nano.a(libc_a-writer.o)
                                                  E:/STM32CubeIDE_1.18.1/STM32CubeIDE/plugins/com.st.stm32cube.ide.mcu.externaltools.gnu-tools-for-stm32.13.3.rel1.win32_1.0.0.202411081344/tools/bin/../lib/gcc/arm-none-eabi/13.3.1/../../../../arm-none-eabi/lib/thumb/v7e-m+dp/hard\libc_nano.a(libc_a-stdio.o)
aiInit                                            stedgeai_app_main.o
aiRun                                             stedgeai_app_main.o
ai_array_fmt_exported                             D:\ai_studio\ai_core\4.0\Middlewares\ST\AI\Lib\GCC\STM32H7\NetworkRuntime1201_CM7_GCC.a(ai_datatypes_format.o)
ai_array_fmt_get_formats                          D:\ai_studio\ai_core\4.0\Middlewares\ST\AI\Lib\GCC\STM32H7\NetworkRuntime1201_CM7_GCC.a(ai_datatypes_format.o)
ai_array_fmt_name                                 D:\ai_studio\ai_core\4.0\Middlewares\ST\AI\Lib\GCC\STM32H7\NetworkRuntime1201_CM7_GCC.a(ai_datatypes_format.o)
ai_array_fmt_valid                                D:\ai_studio\ai_core\4.0\Middlewares\ST\AI\Lib\GCC\STM32H7\NetworkRuntime1201_CM7_GCC.a(ai_datatypes_format.o)
ai_array_get_byte_size                            D:\ai_studio\ai_core\4.0\Middlewares\ST\AI\Lib\GCC\STM32H7\NetworkRuntime1201_CM7_GCC.a(ai_datatypes_format.o)
                                                  D:\ai_studio\ai_core\4.0\Middlewares\ST\AI\Lib\GCC\STM32H7\NetworkRuntime1201_CM7_GCC.a(layers_conv2d_sssa8_ch.o)
                                                  D:\ai_studio\ai_core\4.0\Middlewares\ST\AI\Lib\GCC\STM32H7\NetworkRuntime1201_CM7_GCC.a(layers_conv2d_stm32_integer.o)
ai_array_get_data_byte_size                       D:\ai_studio\ai_core\4.0\Middlewares\ST\AI\Lib\GCC\STM32H7\NetworkRuntime1201_CM7_GCC.a(ai_datatypes_format.o)
ai_array_get_elems_from_size                      D:\ai_studio\ai_core\4.0\Middlewares\ST\AI\Lib\GCC\STM32H7\NetworkRuntime1201_CM7_GCC.a(ai_datatypes_format.o)
ai_array_to_buffer_fmt                            D:\ai_studio\ai_core\4.0\Middlewares\ST\AI\Lib\GCC\STM32H7\NetworkRuntime1201_CM7_GCC.a(ai_datatypes_format.o)
                                                  D:\ai_studio\ai_core\4.0\Middlewares\ST\AI\Lib\GCC\STM32H7\NetworkRuntime1201_CM7_GCC.a(ai_datatypes_internal.o)
ai_buffer_array_get_byte_size                     D:\ai_studio\ai_core\4.0\Middlewares\ST\AI\Lib\GCC\STM32H7\NetworkRuntime1201_CM7_GCC.a(ai_platform.o)
ai_buffer_array_is_empty                          D:\ai_studio\ai_core\4.0\Middlewares\ST\AI\Lib\GCC\STM32H7\NetworkRuntime1201_CM7_GCC.a(ai_platform.o)
ai_buffer_array_is_valid                          D:\ai_studio\ai_core\4.0\Middlewares\ST\AI\Lib\GCC\STM32H7\NetworkRuntime1201_CM7_GCC.a(ai_platform.o)
ai_buffer_array_item_set_address                  D:\ai_studio\ai_core\4.0\Middlewares\ST\AI\Lib\GCC\STM32H7\NetworkRuntime1201_CM7_GCC.a(ai_platform.o)
ai_buffer_array_sane                              D:\ai_studio\ai_core\4.0\Middlewares\ST\AI\Lib\GCC\STM32H7\NetworkRuntime1201_CM7_GCC.a(ai_platform.o)
ai_buffer_fmt_get_formats                         D:\ai_studio\ai_core\4.0\Middlewares\ST\AI\Lib\GCC\STM32H7\NetworkRuntime1201_CM7_GCC.a(ai_datatypes_format.o)
ai_buffer_fmt_name                                D:\ai_studio\ai_core\4.0\Middlewares\ST\AI\Lib\GCC\STM32H7\NetworkRuntime1201_CM7_GCC.a(ai_datatypes_format.o)
ai_buffer_fmt_valid                               D:\ai_studio\ai_core\4.0\Middlewares\ST\AI\Lib\GCC\STM32H7\NetworkRuntime1201_CM7_GCC.a(ai_datatypes_format.o)
ai_buffer_get_byte_size                           D:\ai_studio\ai_core\4.0\Middlewares\ST\AI\Lib\GCC\STM32H7\NetworkRuntime1201_CM7_GCC.a(ai_platform.o)
ai_buffer_get_size                                D:\ai_studio\ai_core\4.0\Middlewares\ST\AI\Lib\GCC\STM32H7\NetworkRuntime1201_CM7_GCC.a(ai_platform.o)
                                                  D:\ai_studio\ai_core\4.0\Middlewares\ST\AI\Lib\GCC\STM32H7\NetworkRuntime1201_CM7_GCC.a(ai_datatypes_internal.o)
ai_buffer_to_array_fmt                            D:\ai_studio\ai_core\4.0\Middlewares\ST\AI\Lib\GCC\STM32H7\NetworkRuntime1201_CM7_GCC.a(ai_datatypes_format.o)
                                                  D:\ai_studio\ai_core\4.0\Middlewares\ST\AI\Lib\GCC\STM32H7\NetworkRuntime1201_CM7_GCC.a(ai_datatypes_internal.o)
ai_from_array_to_buffer                           D:\ai_studio\ai_core\4.0\Middlewares\ST\AI\Lib\GCC\STM32H7\NetworkRuntime1201_CM7_GCC.a(ai_datatypes_internal.o)
ai_from_buffer_to_array                           D:\ai_studio\ai_core\4.0\Middlewares\ST\AI\Lib\GCC\STM32H7\NetworkRuntime1201_CM7_GCC.a(ai_datatypes_internal.o)
ai_padding_opt_init                               D:\ai_studio\ai_core\4.0\Middlewares\ST\AI\Lib\GCC\STM32H7\NetworkRuntime1201_CM7_GCC.a(st_padding_opt.o)
                                                  D:\ai_studio\ai_core\4.0\Middlewares\ST\AI\Lib\GCC\STM32H7\NetworkRuntime1201_CM7_GCC.a(st_uaua8_convolve_rgb.o)
                                                  D:\ai_studio\ai_core\4.0\Middlewares\ST\AI\Lib\GCC\STM32H7\NetworkRuntime1201_CM7_GCC.a(st_uaua8_convolve_dw.o)
                                                  D:\ai_studio\ai_core\4.0\Middlewares\ST\AI\Lib\GCC\STM32H7\NetworkRuntime1201_CM7_GCC.a(st_uaua8_convolve.o)
                                                  D:\ai_studio\ai_core\4.0\Middlewares\ST\AI\Lib\GCC\STM32H7\NetworkRuntime1201_CM7_GCC.a(st_uaua8_ch_convolve_rgb.o)
                                                  D:\ai_studio\ai_core\4.0\Middlewares\ST\AI\Lib\GCC\STM32H7\NetworkRuntime1201_CM7_GCC.a(st_uaua8_ch_convolve_dw.o)
                                                  D:\ai_studio\ai_core\4.0\Middlewares\ST\AI\Lib\GCC\STM32H7\NetworkRuntime1201_CM7_GCC.a(st_uaua8_ch_convolve.o)
                                                  D:\ai_studio\ai_core\4.0\Middlewares\ST\AI\Lib\GCC\STM32H7\NetworkRuntime1201_CM7_GCC.a(st_ssua8_convolve_rgb.o)
                                                  D:\ai_studio\ai_core\4.0\Middlewares\ST\AI\Lib\GCC\STM32H7\NetworkRuntime1201_CM7_GCC.a(st_ssua8_convolve_dw.o)
                                                  D:\ai_studio\ai_core\4.0\Middlewares\ST\AI\Lib\GCC\STM32H7\NetworkRuntime1201_CM7_GCC.a(st_ssua8_convolve.o)
                                                  D:\ai_studio\ai_core\4.0\Middlewares\ST\AI\Lib\GCC\STM32H7\NetworkRuntime1201_CM7_GCC.a(st_ssua8_ch_convolve_rgb.o)
                                                  D:\ai_studio\ai_core\4.0\Middlewares\ST\AI\Lib\GCC\STM32H7\NetworkRuntime1201_CM7_GCC.a(st_ssua8_ch_convolve_dw.o)
                                                  D:\ai_studio\ai_core\4.0\Middlewares\ST\AI\Lib\GCC\STM32H7\NetworkRuntime1201_CM7_GCC.a(st_ssua8_ch_convolve.o)
                                                  D:\ai_studio\ai_core\4.0\Middlewares\ST\AI\Lib\GCC\STM32H7\NetworkRuntime1201_CM7_GCC.a(st_sssa8_convolve_rgb.o)
                                                  D:\ai_studio\ai_core\4.0\Middlewares\ST\AI\Lib\GCC\STM32H7\NetworkRuntime1201_CM7_GCC.a(st_sssa8_convolve_dw.o)
                                                  D:\ai_studio\ai_core\4.0\Middlewares\ST\AI\Lib\GCC\STM32H7\NetworkRuntime1201_CM7_GCC.a(st_sssa8_convolve.o)
                                                  D:\ai_studio\ai_core\4.0\Middlewares\ST\AI\Lib\GCC\STM32H7\NetworkRuntime1201_CM7_GCC.a(forward_lite_conv2d_sssa8_ch.o)
ai_padding_opt_phase1                             D:\ai_studio\ai_core\4.0\Middlewares\ST\AI\Lib\GCC\STM32H7\NetworkRuntime1201_CM7_GCC.a(st_padding_opt.o)
                                                  D:\ai_studio\ai_core\4.0\Middlewares\ST\AI\Lib\GCC\STM32H7\NetworkRuntime1201_CM7_GCC.a(st_uaua8_convolve_rgb.o)
                                                  D:\ai_studio\ai_core\4.0\Middlewares\ST\AI\Lib\GCC\STM32H7\NetworkRuntime1201_CM7_GCC.a(st_uaua8_convolve_dw.o)
                                                  D:\ai_studio\ai_core\4.0\Middlewares\ST\AI\Lib\GCC\STM32H7\NetworkRuntime1201_CM7_GCC.a(st_uaua8_convolve.o)
                                                  D:\ai_studio\ai_core\4.0\Middlewares\ST\AI\Lib\GCC\STM32H7\NetworkRuntime1201_CM7_GCC.a(st_uaua8_ch_convolve_rgb.o)
                                                  D:\ai_studio\ai_core\4.0\Middlewares\ST\AI\Lib\GCC\STM32H7\NetworkRuntime1201_CM7_GCC.a(st_uaua8_ch_convolve_dw.o)
                                                  D:\ai_studio\ai_core\4.0\Middlewares\ST\AI\Lib\GCC\STM32H7\NetworkRuntime1201_CM7_GCC.a(st_uaua8_ch_convolve.o)
                                                  D:\ai_studio\ai_core\4.0\Middlewares\ST\AI\Lib\GCC\STM32H7\NetworkRuntime1201_CM7_GCC.a(st_ssua8_convolve_rgb.o)
                                                  D:\ai_studio\ai_core\4.0\Middlewares\ST\AI\Lib\GCC\STM32H7\NetworkRuntime1201_CM7_GCC.a(st_ssua8_convolve_dw.o)
                                                  D:\ai_studio\ai_core\4.0\Middlewares\ST\AI\Lib\GCC\STM32H7\NetworkRuntime1201_CM7_GCC.a(st_ssua8_convolve.o)
                                                  D:\ai_studio\ai_core\4.0\Middlewares\ST\AI\Lib\GCC\STM32H7\NetworkRuntime1201_CM7_GCC.a(st_ssua8_ch_convolve_rgb.o)
                                                  D:\ai_studio\ai_core\4.0\Middlewares\ST\AI\Lib\GCC\STM32H7\NetworkRuntime1201_CM7_GCC.a(st_ssua8_ch_convolve_dw.o)
                                                  D:\ai_studio\ai_core\4.0\Middlewares\ST\AI\Lib\GCC\STM32H7\NetworkRuntime1201_CM7_GCC.a(st_ssua8_ch_convolve.o)
                                                  D:\ai_studio\ai_core\4.0\Middlewares\ST\AI\Lib\GCC\STM32H7\NetworkRuntime1201_CM7_GCC.a(st_sssa8_convolve_rgb.o)
                                                  D:\ai_studio\ai_core\4.0\Middlewares\ST\AI\Lib\GCC\STM32H7\NetworkRuntime1201_CM7_GCC.a(st_sssa8_convolve_dw.o)
                                                  D:\ai_studio\ai_core\4.0\Middlewares\ST\AI\Lib\GCC\STM32H7\NetworkRuntime1201_CM7_GCC.a(st_sssa8_convolve.o)
                                                  D:\ai_studio\ai_core\4.0\Middlewares\ST\AI\Lib\GCC\STM32H7\NetworkRuntime1201_CM7_GCC.a(forward_lite_conv2d_sssa8_ch.o)